Component: Arm Compiler for Embedded 6.21 Tool: armlink [5ec1fa00]

==============================================================================

Section Cross References

    main.o(.ARM.exidx.text.ledxanh) refers to main.o(.text.ledxanh) for [Anonymous Symbol]
    main.o(.ARM.exidx.text.leddo) refers to main.o(.text.leddo) for [Anonymous Symbol]
    main.o(.text.accel) refers to mpu6050.o(.text.mpu6050_accel) for mpu6050_accel
    main.o(.text.accel) refers to main.o(.bss.Accel_X_RAW) for Accel_X_RAW
    main.o(.text.accel) refers to main.o(.bss.Accel_Y_RAW) for Accel_Y_RAW
    main.o(.text.accel) refers to main.o(.bss.Accel_Z_RAW) for Accel_Z_RAW
    main.o(.text.accel) refers to dflt_clz.o(x$fpl$dflt) for __aeabi_i2d
    main.o(.text.accel) refers to ddiv.o(x$fpl$ddiv) for __aeabi_ddiv
    main.o(.text.accel) refers to d2f.o(x$fpl$d2f) for __aeabi_d2f
    main.o(.text.accel) refers to main.o(.bss.Ax) for Ax
    main.o(.text.accel) refers to main.o(.bss.Ay) for Ay
    main.o(.text.accel) refers to main.o(.bss.Az) for Az
    main.o(.ARM.exidx.text.accel) refers to main.o(.text.accel) for [Anonymous Symbol]
    main.o(.text.gyro) refers to mpu6050.o(.text.mpu6050_gyro) for mpu6050_gyro
    main.o(.text.gyro) refers to main.o(.bss.Gyro_X_RAW) for Gyro_X_RAW
    main.o(.text.gyro) refers to main.o(.bss.Gyro_Y_RAW) for Gyro_Y_RAW
    main.o(.text.gyro) refers to main.o(.bss.Gyro_Z_RAW) for Gyro_Z_RAW
    main.o(.text.gyro) refers to dflt_clz.o(x$fpl$dflt) for __aeabi_i2d
    main.o(.text.gyro) refers to ddiv.o(x$fpl$ddiv) for __aeabi_ddiv
    main.o(.text.gyro) refers to d2f.o(x$fpl$d2f) for __aeabi_d2f
    main.o(.text.gyro) refers to main.o(.bss.Gx) for Gx
    main.o(.text.gyro) refers to main.o(.bss.Gy) for Gy
    main.o(.text.gyro) refers to main.o(.bss.Gz) for Gz
    main.o(.ARM.exidx.text.gyro) refers to main.o(.text.gyro) for [Anonymous Symbol]
    main.o(.text.main) refers to systick_time.o(.text.systick_init) for systick_init
    main.o(.text.main) refers to lcd_1602_drive.o(.text.lcd_i2c_init) for lcd_i2c_init
    main.o(.text.main) refers to mpu6050.o(.text.mpu6050_init) for mpu6050_init
    main.o(.text.main) refers to main.o(.text.__NVIC_EnableIRQ) for __NVIC_EnableIRQ
    main.o(.text.main) refers to main.o(.bss.mode) for mode
    main.o(.text.main) refers to main.o(.bss.on) for on
    main.o(.text.main) refers to main.o(.text.hienthi) for hienthi
    main.o(.ARM.exidx.text.main) refers to main.o(.text.main) for [Anonymous Symbol]
    main.o(.ARM.exidx.text.__NVIC_EnableIRQ) refers to main.o(.text.__NVIC_EnableIRQ) for [Anonymous Symbol]
    main.o(.text.hienthi) refers to main.o(.bss.on) for on
    main.o(.text.hienthi) refers to main.o(.bss.mode) for mode
    main.o(.text.hienthi) refers to lcd_1602_drive.o(.text.lcd_blank_12) for lcd_blank_12
    main.o(.text.hienthi) refers to main.o(.rodata.str1.1) for .L.str
    main.o(.text.hienthi) refers to lcd_1602_drive.o(.text.lcd_i2c_msg) for lcd_i2c_msg
    main.o(.text.hienthi) refers to main.o(.text.hien1) for hien1
    main.o(.text.hienthi) refers to main.o(.text.ledxanh) for ledxanh
    main.o(.text.hienthi) refers to main.o(.text.check) for check
    main.o(.text.hienthi) refers to main.o(.text.leddo) for leddo
    main.o(.ARM.exidx.text.hienthi) refers to main.o(.text.hienthi) for [Anonymous Symbol]
    main.o(.text.EXTI0_IRQHandler) refers to main.o(.bss.on) for on
    main.o(.text.EXTI0_IRQHandler) refers to systick_time.o(.text.DelayMs) for DelayMs
    main.o(.ARM.exidx.text.EXTI0_IRQHandler) refers to main.o(.text.EXTI0_IRQHandler) for [Anonymous Symbol]
    main.o(.text.EXTI1_IRQHandler) refers to main.o(.bss.mode) for mode
    main.o(.text.EXTI1_IRQHandler) refers to systick_time.o(.text.DelayMs) for DelayMs
    main.o(.ARM.exidx.text.EXTI1_IRQHandler) refers to main.o(.text.EXTI1_IRQHandler) for [Anonymous Symbol]
    main.o(.text.hien1) refers to main.o(.text.ledxanh) for ledxanh
    main.o(.text.hien1) refers to main.o(.text.leddo) for leddo
    main.o(.text.hien1) refers to systick_time.o(.text.DelayMs) for DelayMs
    main.o(.ARM.exidx.text.hien1) refers to main.o(.text.hien1) for [Anonymous Symbol]
    main.o(.text.check) refers to main.o(.bss.mode) for mode
    main.o(.text.check) refers to main.o(.text.accel) for accel
    main.o(.text.check) refers to main.o(.bss.Ax) for Ax
    main.o(.text.check) refers to main.o(.bss.Ay) for Ay
    main.o(.text.check) refers to fmul.o(x$fpl$fmul) for __aeabi_fmul
    main.o(.text.check) refers to faddsub_clz.o(x$fpl$fadd) for __aeabi_fadd
    main.o(.text.check) refers to main.o(.bss.Az) for Az
    main.o(.text.check) refers to fcmp.o(x$fpl$fcmp) for __aeabi_fcmple
    main.o(.text.check) refers to systick_time.o(.text.DelayMs) for DelayMs
    main.o(.ARM.exidx.text.check) refers to main.o(.text.check) for [Anonymous Symbol]
    i2c_drive.o(.ARM.exidx.text.i2c_init) refers to i2c_drive.o(.text.i2c_init) for [Anonymous Symbol]
    i2c_drive.o(.ARM.exidx.text.i2c_start) refers to i2c_drive.o(.text.i2c_start) for [Anonymous Symbol]
    i2c_drive.o(.ARM.exidx.text.i2c_add) refers to i2c_drive.o(.text.i2c_add) for [Anonymous Symbol]
    i2c_drive.o(.ARM.exidx.text.i2c_data) refers to i2c_drive.o(.text.i2c_data) for [Anonymous Symbol]
    i2c_drive.o(.ARM.exidx.text.i2c_stop) refers to i2c_drive.o(.text.i2c_stop) for [Anonymous Symbol]
    i2c_drive.o(.text.i2c_write) refers to i2c_drive.o(.text.i2c_start) for i2c_start
    i2c_drive.o(.text.i2c_write) refers to i2c_drive.o(.text.i2c_add) for i2c_add
    i2c_drive.o(.text.i2c_write) refers to i2c_drive.o(.text.i2c_data) for i2c_data
    i2c_drive.o(.text.i2c_write) refers to i2c_drive.o(.text.i2c_stop) for i2c_stop
    i2c_drive.o(.ARM.exidx.text.i2c_write) refers to i2c_drive.o(.text.i2c_write) for [Anonymous Symbol]
    i2c_drive.o(.ARM.exidx.text.i2c_rx) refers to i2c_drive.o(.text.i2c_rx) for [Anonymous Symbol]
    lcd_1602_drive.o(.text.lcd_i2c_data) refers to pcf8574_drive.o(.text.PCF8574_tx_byte) for PCF8574_tx_byte
    lcd_1602_drive.o(.text.lcd_i2c_data) refers to systick_time.o(.text.DelayUs) for DelayUs
    lcd_1602_drive.o(.ARM.exidx.text.lcd_i2c_data) refers to lcd_1602_drive.o(.text.lcd_i2c_data) for [Anonymous Symbol]
    lcd_1602_drive.o(.text.lcd_i2c_cmd) refers to pcf8574_drive.o(.text.PCF8574_tx_byte) for PCF8574_tx_byte
    lcd_1602_drive.o(.text.lcd_i2c_cmd) refers to systick_time.o(.text.DelayUs) for DelayUs
    lcd_1602_drive.o(.ARM.exidx.text.lcd_i2c_cmd) refers to lcd_1602_drive.o(.text.lcd_i2c_cmd) for [Anonymous Symbol]
    lcd_1602_drive.o(.text.lcd_i2c_init) refers to i2c_drive.o(.text.i2c_init) for i2c_init
    lcd_1602_drive.o(.text.lcd_i2c_init) refers to systick_time.o(.text.DelayMs) for DelayMs
    lcd_1602_drive.o(.text.lcd_i2c_init) refers to pcf8574_drive.o(.text.PCF8574_tx_byte) for PCF8574_tx_byte
    lcd_1602_drive.o(.text.lcd_i2c_init) refers to systick_time.o(.text.DelayUs) for DelayUs
    lcd_1602_drive.o(.text.lcd_i2c_init) refers to lcd_1602_drive.o(.text.lcd_i2c_cmd) for lcd_i2c_cmd
    lcd_1602_drive.o(.ARM.exidx.text.lcd_i2c_init) refers to lcd_1602_drive.o(.text.lcd_i2c_init) for [Anonymous Symbol]
    lcd_1602_drive.o(.text.lcd_i2c_send) refers to lcd_1602_drive.o(.text.lcd_i2c_data) for lcd_i2c_data
    lcd_1602_drive.o(.text.lcd_i2c_send) refers to systick_time.o(.text.DelayUs) for DelayUs
    lcd_1602_drive.o(.ARM.exidx.text.lcd_i2c_send) refers to lcd_1602_drive.o(.text.lcd_i2c_send) for [Anonymous Symbol]
    lcd_1602_drive.o(.text.lcd_i2c_msg) refers to lcd_1602_drive.o(.text.lcd_i2c_cmd) for lcd_i2c_cmd
    lcd_1602_drive.o(.text.lcd_i2c_msg) refers to systick_time.o(.text.DelayUs) for DelayUs
    lcd_1602_drive.o(.text.lcd_i2c_msg) refers to lcd_1602_drive.o(.text.lcd_i2c_send) for lcd_i2c_send
    lcd_1602_drive.o(.ARM.exidx.text.lcd_i2c_msg) refers to lcd_1602_drive.o(.text.lcd_i2c_msg) for [Anonymous Symbol]
    lcd_1602_drive.o(.text.lcd_blank_1) refers to lcd_1602_drive.o(.rodata.str1.1) for .L.str
    lcd_1602_drive.o(.text.lcd_blank_1) refers to lcd_1602_drive.o(.text.lcd_i2c_msg) for lcd_i2c_msg
    lcd_1602_drive.o(.ARM.exidx.text.lcd_blank_1) refers to lcd_1602_drive.o(.text.lcd_blank_1) for [Anonymous Symbol]
    lcd_1602_drive.o(.text.lcd_blank_2) refers to lcd_1602_drive.o(.rodata.str1.1) for .L.str
    lcd_1602_drive.o(.text.lcd_blank_2) refers to lcd_1602_drive.o(.text.lcd_i2c_msg) for lcd_i2c_msg
    lcd_1602_drive.o(.ARM.exidx.text.lcd_blank_2) refers to lcd_1602_drive.o(.text.lcd_blank_2) for [Anonymous Symbol]
    lcd_1602_drive.o(.text.lcd_blank_12) refers to lcd_1602_drive.o(.text.lcd_blank_1) for lcd_blank_1
    lcd_1602_drive.o(.text.lcd_blank_12) refers to lcd_1602_drive.o(.text.lcd_blank_2) for lcd_blank_2
    lcd_1602_drive.o(.ARM.exidx.text.lcd_blank_12) refers to lcd_1602_drive.o(.text.lcd_blank_12) for [Anonymous Symbol]
    pcf8574_drive.o(.text.PCF8574_add) refers to i2c_drive.o(.text.i2c_add) for i2c_add
    pcf8574_drive.o(.ARM.exidx.text.PCF8574_add) refers to pcf8574_drive.o(.text.PCF8574_add) for [Anonymous Symbol]
    pcf8574_drive.o(.text.PCF8574_tx_byte) refers to i2c_drive.o(.text.i2c_start) for i2c_start
    pcf8574_drive.o(.text.PCF8574_tx_byte) refers to pcf8574_drive.o(.text.PCF8574_add) for PCF8574_add
    pcf8574_drive.o(.text.PCF8574_tx_byte) refers to i2c_drive.o(.text.i2c_data) for i2c_data
    pcf8574_drive.o(.text.PCF8574_tx_byte) refers to i2c_drive.o(.text.i2c_stop) for i2c_stop
    pcf8574_drive.o(.ARM.exidx.text.PCF8574_tx_byte) refers to pcf8574_drive.o(.text.PCF8574_tx_byte) for [Anonymous Symbol]
    systick_time.o(.ARM.exidx.text.systick_init) refers to systick_time.o(.text.systick_init) for [Anonymous Symbol]
    systick_time.o(.ARM.exidx.text.DelayUs) refers to systick_time.o(.text.DelayUs) for [Anonymous Symbol]
    systick_time.o(.ARM.exidx.text.DelayMs) refers to systick_time.o(.text.DelayMs) for [Anonymous Symbol]
    mpu6050.o(.text.mpu6050_add) refers to i2c_drive.o(.text.i2c_add) for i2c_add
    mpu6050.o(.ARM.exidx.text.mpu6050_add) refers to mpu6050.o(.text.mpu6050_add) for [Anonymous Symbol]
    mpu6050.o(.text.mpu6050_tx) refers to i2c_drive.o(.text.i2c_start) for i2c_start
    mpu6050.o(.text.mpu6050_tx) refers to mpu6050.o(.text.mpu6050_add) for mpu6050_add
    mpu6050.o(.text.mpu6050_tx) refers to i2c_drive.o(.text.i2c_data) for i2c_data
    mpu6050.o(.text.mpu6050_tx) refers to i2c_drive.o(.text.i2c_stop) for i2c_stop
    mpu6050.o(.ARM.exidx.text.mpu6050_tx) refers to mpu6050.o(.text.mpu6050_tx) for [Anonymous Symbol]
    mpu6050.o(.text.mpu6050_rx) refers to i2c_drive.o(.text.i2c_start) for i2c_start
    mpu6050.o(.text.mpu6050_rx) refers to mpu6050.o(.text.mpu6050_add) for mpu6050_add
    mpu6050.o(.text.mpu6050_rx) refers to i2c_drive.o(.text.i2c_data) for i2c_data
    mpu6050.o(.text.mpu6050_rx) refers to i2c_drive.o(.text.i2c_rx) for i2c_rx
    mpu6050.o(.text.mpu6050_rx) refers to i2c_drive.o(.text.i2c_stop) for i2c_stop
    mpu6050.o(.ARM.exidx.text.mpu6050_rx) refers to mpu6050.o(.text.mpu6050_rx) for [Anonymous Symbol]
    mpu6050.o(.text.mpu6050_init) refers to systick_time.o(.text.systick_init) for systick_init
    mpu6050.o(.text.mpu6050_init) refers to i2c_drive.o(.text.i2c_init) for i2c_init
    mpu6050.o(.text.mpu6050_init) refers to mpu6050.o(.text.mpu6050_rx) for mpu6050_rx
    mpu6050.o(.text.mpu6050_init) refers to mpu6050.o(.text.mpu6050_tx) for mpu6050_tx
    mpu6050.o(.ARM.exidx.text.mpu6050_init) refers to mpu6050.o(.text.mpu6050_init) for [Anonymous Symbol]
    mpu6050.o(.text.mpu6050_accel) refers to mpu6050.o(.text.mpu6050_rx) for mpu6050_rx
    mpu6050.o(.ARM.exidx.text.mpu6050_accel) refers to mpu6050.o(.text.mpu6050_accel) for [Anonymous Symbol]
    mpu6050.o(.text.mpu6050_gyro) refers to mpu6050.o(.text.mpu6050_rx) for mpu6050_rx
    mpu6050.o(.ARM.exidx.text.mpu6050_gyro) refers to mpu6050.o(.text.mpu6050_gyro) for [Anonymous Symbol]
    startup_stm32f10x_md.o(STACK) refers (Special) to heapauxi.o(.text) for __use_two_region_memory
    startup_stm32f10x_md.o(HEAP) refers (Special) to heapauxi.o(.text) for __use_two_region_memory
    startup_stm32f10x_md.o(RESET) refers (Special) to heapauxi.o(.text) for __use_two_region_memory
    startup_stm32f10x_md.o(RESET) refers to startup_stm32f10x_md.o(STACK) for __initial_sp
    startup_stm32f10x_md.o(RESET) refers to startup_stm32f10x_md.o(.text) for Reset_Handler
    startup_stm32f10x_md.o(RESET) refers to main.o(.text.EXTI0_IRQHandler) for EXTI0_IRQHandler
    startup_stm32f10x_md.o(RESET) refers to main.o(.text.EXTI1_IRQHandler) for EXTI1_IRQHandler
    startup_stm32f10x_md.o(.text) refers (Special) to heapauxi.o(.text) for __use_two_region_memory
    startup_stm32f10x_md.o(.text) refers to system_stm32f10x.o(.text.SystemInit) for SystemInit
    startup_stm32f10x_md.o(.text) refers to __main.o(!!!main) for __main
    startup_stm32f10x_md.o(.text) refers to startup_stm32f10x_md.o(HEAP) for Heap_Mem
    startup_stm32f10x_md.o(.text) refers to startup_stm32f10x_md.o(STACK) for Stack_Mem
    system_stm32f10x.o(.text.SystemInit) refers to system_stm32f10x.o(.text.SetSysClock) for SetSysClock
    system_stm32f10x.o(.ARM.exidx.text.SystemInit) refers to system_stm32f10x.o(.text.SystemInit) for [Anonymous Symbol]
    system_stm32f10x.o(.text.SetSysClock) refers to system_stm32f10x.o(.text.SetSysClockTo72) for SetSysClockTo72
    system_stm32f10x.o(.ARM.exidx.text.SetSysClock) refers to system_stm32f10x.o(.text.SetSysClock) for [Anonymous Symbol]
    system_stm32f10x.o(.text.SystemCoreClockUpdate) refers to system_stm32f10x.o(.data.SystemCoreClock) for SystemCoreClock
    system_stm32f10x.o(.text.SystemCoreClockUpdate) refers to system_stm32f10x.o(.rodata.AHBPrescTable) for AHBPrescTable
    system_stm32f10x.o(.ARM.exidx.text.SystemCoreClockUpdate) refers to system_stm32f10x.o(.text.SystemCoreClockUpdate) for [Anonymous Symbol]
    system_stm32f10x.o(.ARM.exidx.text.SetSysClockTo72) refers to system_stm32f10x.o(.text.SetSysClockTo72) for [Anonymous Symbol]
    __main.o(!!!main) refers to __rtentry.o(.ARM.Collect$$rtentry$$00000000) for __rt_entry
    d2f.o(x$fpl$d2f) refers (Special) to usenofp.o(x$fpl$usenofp) for __I$use$fp
    d2f.o(x$fpl$d2f) refers to fretinf.o(x$fpl$fretinf) for __fpl_fretinf
    d2f.o(x$fpl$d2f) refers to dnaninf.o(x$fpl$dnaninf) for __fpl_dnaninf
    ddiv.o(x$fpl$drdiv) refers (Special) to usenofp.o(x$fpl$usenofp) for __I$use$fp
    ddiv.o(x$fpl$drdiv) refers to ddiv.o(x$fpl$ddiv) for ddiv_entry
    ddiv.o(x$fpl$ddiv) refers (Special) to usenofp.o(x$fpl$usenofp) for __I$use$fp
    ddiv.o(x$fpl$ddiv) refers to dretinf.o(x$fpl$dretinf) for __fpl_dretinf
    ddiv.o(x$fpl$ddiv) refers to dnaninf.o(x$fpl$dnaninf) for __fpl_dnaninf
    dflt_clz.o(x$fpl$dfltu) refers (Special) to usenofp.o(x$fpl$usenofp) for __I$use$fp
    dflt_clz.o(x$fpl$dflt) refers (Special) to usenofp.o(x$fpl$usenofp) for __I$use$fp
    dflt_clz.o(x$fpl$dfltn) refers (Special) to usenofp.o(x$fpl$usenofp) for __I$use$fp
    faddsub_clz.o(x$fpl$fadd) refers (Special) to usenofp.o(x$fpl$usenofp) for __I$use$fp
    faddsub_clz.o(x$fpl$fadd) refers to faddsub_clz.o(x$fpl$fsub) for _fsub1
    faddsub_clz.o(x$fpl$fadd) refers to fretinf.o(x$fpl$fretinf) for __fpl_fretinf
    faddsub_clz.o(x$fpl$fadd) refers to fnaninf.o(x$fpl$fnaninf) for __fpl_fnaninf
    faddsub_clz.o(x$fpl$frsb) refers (Special) to usenofp.o(x$fpl$usenofp) for __I$use$fp
    faddsub_clz.o(x$fpl$frsb) refers to faddsub_clz.o(x$fpl$fadd) for _fadd1
    faddsub_clz.o(x$fpl$frsb) refers to faddsub_clz.o(x$fpl$fsub) for _fsub1
    faddsub_clz.o(x$fpl$fsub) refers (Special) to usenofp.o(x$fpl$usenofp) for __I$use$fp
    faddsub_clz.o(x$fpl$fsub) refers to faddsub_clz.o(x$fpl$fadd) for _fadd1
    faddsub_clz.o(x$fpl$fsub) refers to fnaninf.o(x$fpl$fnaninf) for __fpl_fnaninf
    fcmp.o(x$fpl$fcmp) refers (Special) to usenofp.o(x$fpl$usenofp) for __I$use$fp
    fcmp.o(x$fpl$fcmp) refers to feqf.o(x$fpl$feqf) for _fcmpeq
    fcmp.o(x$fpl$fcmp) refers to fgeqf.o(x$fpl$fgeqf) for _fcmpge
    fcmp.o(x$fpl$fcmp) refers to fleqf.o(x$fpl$fleqf) for _fcmple
    fmul.o(x$fpl$fmul) refers (Special) to usenofp.o(x$fpl$usenofp) for __I$use$fp
    fmul.o(x$fpl$fmul) refers to fretinf.o(x$fpl$fretinf) for __fpl_fretinf
    fmul.o(x$fpl$fmul) refers to fnaninf.o(x$fpl$fnaninf) for __fpl_fnaninf
    __rtentry.o(.ARM.Collect$$rtentry$$00000000) refers (Special) to __rtentry2.o(.ARM.Collect$$rtentry$$0000000A) for __rt_entry_li
    __rtentry.o(.ARM.Collect$$rtentry$$00000000) refers (Special) to __rtentry2.o(.ARM.Collect$$rtentry$$0000000D) for __rt_entry_main
    __rtentry.o(.ARM.Collect$$rtentry$$00000000) refers (Special) to __rtentry2.o(.ARM.Collect$$rtentry$$0000000C) for __rt_entry_postli_1
    __rtentry.o(.ARM.Collect$$rtentry$$00000000) refers (Special) to __rtentry2.o(.ARM.Collect$$rtentry$$00000009) for __rt_entry_postsh_1
    __rtentry.o(.ARM.Collect$$rtentry$$00000000) refers (Special) to __rtentry2.o(.ARM.Collect$$rtentry$$00000002) for __rt_entry_presh_1
    __rtentry.o(.ARM.Collect$$rtentry$$00000000) refers (Special) to __rtentry4.o(.ARM.Collect$$rtentry$$00000004) for __rt_entry_sh
    dnaninf.o(x$fpl$dnaninf) refers (Special) to usenofp.o(x$fpl$usenofp) for __I$use$fp
    dretinf.o(x$fpl$dretinf) refers (Special) to usenofp.o(x$fpl$usenofp) for __I$use$fp
    feqf.o(x$fpl$feqf) refers (Special) to usenofp.o(x$fpl$usenofp) for __I$use$fp
    feqf.o(x$fpl$feqf) refers to fnaninf.o(x$fpl$fnaninf) for __fpl_fnaninf
    feqf.o(x$fpl$feqf) refers to fcmpi.o(x$fpl$fcmpinf) for __fpl_fcmp_Inf
    fgeqf.o(x$fpl$fgeqf) refers (Special) to usenofp.o(x$fpl$usenofp) for __I$use$fp
    fgeqf.o(x$fpl$fgeqf) refers to fnaninf.o(x$fpl$fnaninf) for __fpl_fnaninf
    fgeqf.o(x$fpl$fgeqf) refers to fcmpi.o(x$fpl$fcmpinf) for __fpl_fcmp_Inf
    fleqf.o(x$fpl$fleqf) refers (Special) to usenofp.o(x$fpl$usenofp) for __I$use$fp
    fleqf.o(x$fpl$fleqf) refers to fnaninf.o(x$fpl$fnaninf) for __fpl_fnaninf
    fleqf.o(x$fpl$fleqf) refers to fcmpi.o(x$fpl$fcmpinf) for __fpl_fcmp_Inf
    fnaninf.o(x$fpl$fnaninf) refers (Special) to usenofp.o(x$fpl$usenofp) for __I$use$fp
    fretinf.o(x$fpl$fretinf) refers (Special) to usenofp.o(x$fpl$usenofp) for __I$use$fp
    __rtentry2.o(.ARM.Collect$$rtentry$$00000008) refers to boardinit2.o(.text) for _platform_post_stackheap_init
    __rtentry2.o(.ARM.Collect$$rtentry$$0000000A) refers to libinit.o(.ARM.Collect$$libinit$$00000000) for __rt_lib_init
    __rtentry2.o(.ARM.Collect$$rtentry$$0000000B) refers to boardinit3.o(.text) for _platform_post_lib_init
    __rtentry2.o(.ARM.Collect$$rtentry$$0000000D) refers to main.o(.text.main) for main
    __rtentry2.o(.ARM.Collect$$rtentry$$0000000D) refers to exit.o(.text) for exit
    __rtentry2.o(.ARM.exidx) refers to __rtentry2.o(.ARM.Collect$$rtentry$$00000001) for .ARM.Collect$$rtentry$$00000001
    __rtentry2.o(.ARM.exidx) refers to __rtentry2.o(.ARM.Collect$$rtentry$$00000008) for .ARM.Collect$$rtentry$$00000008
    __rtentry2.o(.ARM.exidx) refers to __rtentry2.o(.ARM.Collect$$rtentry$$0000000A) for .ARM.Collect$$rtentry$$0000000A
    __rtentry2.o(.ARM.exidx) refers to __rtentry2.o(.ARM.Collect$$rtentry$$0000000B) for .ARM.Collect$$rtentry$$0000000B
    __rtentry2.o(.ARM.exidx) refers to __rtentry2.o(.ARM.Collect$$rtentry$$0000000D) for .ARM.Collect$$rtentry$$0000000D
    __rtentry4.o(.ARM.Collect$$rtentry$$00000004) refers to sys_stackheap_outer.o(.text) for __user_setup_stackheap
    __rtentry4.o(.ARM.exidx) refers to __rtentry4.o(.ARM.Collect$$rtentry$$00000004) for .ARM.Collect$$rtentry$$00000004
    fcmpi.o(x$fpl$fcmpinf) refers (Special) to usenofp.o(x$fpl$usenofp) for __I$use$fp
    sys_stackheap_outer.o(.text) refers to libspace.o(.text) for __user_perproc_libspace
    sys_stackheap_outer.o(.text) refers to startup_stm32f10x_md.o(.text) for __user_initial_stackheap
    exit.o(.text) refers to rtexit.o(.ARM.Collect$$rtexit$$00000000) for __rt_exit
    libinit.o(.ARM.Collect$$libinit$$00000000) refers (Special) to libinit2.o(.ARM.Collect$$libinit$$00000030) for __rt_lib_init_alloca_1
    libinit.o(.ARM.Collect$$libinit$$00000000) refers (Special) to libinit2.o(.ARM.Collect$$libinit$$0000002E) for __rt_lib_init_argv_1
    libinit.o(.ARM.Collect$$libinit$$00000000) refers (Special) to libinit2.o(.ARM.Collect$$libinit$$0000001D) for __rt_lib_init_atexit_1
    libinit.o(.ARM.Collect$$libinit$$00000000) refers (Special) to libinit2.o(.ARM.Collect$$libinit$$00000023) for __rt_lib_init_clock_1
    libinit.o(.ARM.Collect$$libinit$$00000000) refers (Special) to libinit2.o(.ARM.Collect$$libinit$$00000034) for __rt_lib_init_cpp_1
    libinit.o(.ARM.Collect$$libinit$$00000000) refers (Special) to libinit2.o(.ARM.Collect$$libinit$$00000032) for __rt_lib_init_exceptions_1
    libinit.o(.ARM.Collect$$libinit$$00000000) refers (Special) to libinit2.o(.ARM.Collect$$libinit$$00000002) for __rt_lib_init_fp_1
    libinit.o(.ARM.Collect$$libinit$$00000000) refers (Special) to libinit2.o(.ARM.Collect$$libinit$$00000021) for __rt_lib_init_fp_trap_1
    libinit.o(.ARM.Collect$$libinit$$00000000) refers (Special) to libinit2.o(.ARM.Collect$$libinit$$00000025) for __rt_lib_init_getenv_1
    libinit.o(.ARM.Collect$$libinit$$00000000) refers (Special) to libinit2.o(.ARM.Collect$$libinit$$0000000C) for __rt_lib_init_heap_1
    libinit.o(.ARM.Collect$$libinit$$00000000) refers (Special) to libinit2.o(.ARM.Collect$$libinit$$00000013) for __rt_lib_init_lc_collate_1
    libinit.o(.ARM.Collect$$libinit$$00000000) refers (Special) to libinit2.o(.ARM.Collect$$libinit$$00000015) for __rt_lib_init_lc_ctype_1
    libinit.o(.ARM.Collect$$libinit$$00000000) refers (Special) to libinit2.o(.ARM.Collect$$libinit$$00000017) for __rt_lib_init_lc_monetary_1
    libinit.o(.ARM.Collect$$libinit$$00000000) refers (Special) to libinit2.o(.ARM.Collect$$libinit$$00000019) for __rt_lib_init_lc_numeric_1
    libinit.o(.ARM.Collect$$libinit$$00000000) refers (Special) to libinit2.o(.ARM.Collect$$libinit$$0000001B) for __rt_lib_init_lc_time_1
    libinit.o(.ARM.Collect$$libinit$$00000000) refers (Special) to libinit2.o(.ARM.Collect$$libinit$$00000006) for __rt_lib_init_preinit_1
    libinit.o(.ARM.Collect$$libinit$$00000000) refers (Special) to libinit2.o(.ARM.Collect$$libinit$$00000010) for __rt_lib_init_rand_1
    libinit.o(.ARM.Collect$$libinit$$00000000) refers (Special) to libinit2.o(.ARM.Collect$$libinit$$00000004) for __rt_lib_init_relocate_pie_1
    libinit.o(.ARM.Collect$$libinit$$00000000) refers (Special) to libinit2.o(.ARM.Collect$$libinit$$00000035) for __rt_lib_init_return
    libinit.o(.ARM.Collect$$libinit$$00000000) refers (Special) to libinit2.o(.ARM.Collect$$libinit$$0000001F) for __rt_lib_init_signal_1
    libinit.o(.ARM.Collect$$libinit$$00000000) refers (Special) to libinit2.o(.ARM.Collect$$libinit$$00000027) for __rt_lib_init_stdio_1
    libinit.o(.ARM.Collect$$libinit$$00000000) refers (Special) to libinit2.o(.ARM.Collect$$libinit$$0000000E) for __rt_lib_init_user_alloc_1
    libspace.o(.text) refers to libspace.o(.bss) for __libspace_start
    rtexit.o(.ARM.Collect$$rtexit$$00000000) refers (Special) to rtexit2.o(.ARM.Collect$$rtexit$$00000004) for __rt_exit_exit
    rtexit.o(.ARM.Collect$$rtexit$$00000000) refers (Special) to rtexit2.o(.ARM.Collect$$rtexit$$00000003) for __rt_exit_ls
    rtexit.o(.ARM.Collect$$rtexit$$00000000) refers (Special) to rtexit2.o(.ARM.Collect$$rtexit$$00000002) for __rt_exit_prels_1
    rtexit.o(.ARM.exidx) refers (Special) to rtexit2.o(.ARM.Collect$$rtexit$$00000004) for __rt_exit_exit
    rtexit.o(.ARM.exidx) refers (Special) to rtexit2.o(.ARM.Collect$$rtexit$$00000003) for __rt_exit_ls
    rtexit.o(.ARM.exidx) refers (Special) to rtexit2.o(.ARM.Collect$$rtexit$$00000002) for __rt_exit_prels_1
    rtexit.o(.ARM.exidx) refers to rtexit.o(.ARM.Collect$$rtexit$$00000000) for .ARM.Collect$$rtexit$$00000000
    libinit2.o(.ARM.Collect$$libinit$$00000012) refers to libinit2.o(.ARM.Collect$$libinit$$00000011) for .ARM.Collect$$libinit$$00000011
    libinit2.o(.ARM.Collect$$libinit$$00000014) refers to libinit2.o(.ARM.Collect$$libinit$$00000011) for .ARM.Collect$$libinit$$00000011
    libinit2.o(.ARM.Collect$$libinit$$00000016) refers to libinit2.o(.ARM.Collect$$libinit$$00000011) for .ARM.Collect$$libinit$$00000011
    libinit2.o(.ARM.Collect$$libinit$$00000018) refers to libinit2.o(.ARM.Collect$$libinit$$00000011) for .ARM.Collect$$libinit$$00000011
    libinit2.o(.ARM.Collect$$libinit$$0000001A) refers to libinit2.o(.ARM.Collect$$libinit$$00000011) for .ARM.Collect$$libinit$$00000011
    libinit2.o(.ARM.Collect$$libinit$$00000028) refers to argv_veneer.o(.emb_text) for __ARM_argv_veneer
    libinit2.o(.ARM.Collect$$libinit$$00000029) refers to argv_veneer.o(.emb_text) for __ARM_argv_veneer
    rtexit2.o(.ARM.Collect$$rtexit$$00000003) refers to libshutdown.o(.ARM.Collect$$libshutdown$$00000000) for __rt_lib_shutdown
    rtexit2.o(.ARM.Collect$$rtexit$$00000004) refers to sys_exit.o(.text) for _sys_exit
    rtexit2.o(.ARM.exidx) refers to rtexit2.o(.ARM.Collect$$rtexit$$00000001) for .ARM.Collect$$rtexit$$00000001
    rtexit2.o(.ARM.exidx) refers to rtexit2.o(.ARM.Collect$$rtexit$$00000003) for .ARM.Collect$$rtexit$$00000003
    rtexit2.o(.ARM.exidx) refers to rtexit2.o(.ARM.Collect$$rtexit$$00000004) for .ARM.Collect$$rtexit$$00000004
    argv_veneer.o(.emb_text) refers to no_argv.o(.text) for __ARM_get_argv
    sys_exit.o(.text) refers (Special) to use_no_semi.o(.text) for __I$use$semihosting
    sys_exit.o(.text) refers (Special) to indicate_semi.o(.text) for __semihosting_library_function
    sys_exit_hlt.o(.text) refers (Special) to use_no_semi.o(.text) for __I$use$semihosting
    sys_exit_hlt.o(.text) refers (Special) to indicate_semi.o(.text) for __semihosting_library_function
    _get_argv_nomalloc.o(.text) refers (Special) to hrguard.o(.text) for __heap_region$guard
    _get_argv_nomalloc.o(.text) refers to defsig_rtmem_outer.o(.text) for __rt_SIGRTMEM
    _get_argv_nomalloc.o(.text) refers to sys_command.o(.text) for _sys_command_string
    libshutdown.o(.ARM.Collect$$libshutdown$$00000000) refers (Special) to libshutdown2.o(.ARM.Collect$$libshutdown$$00000002) for __rt_lib_shutdown_cpp_1
    libshutdown.o(.ARM.Collect$$libshutdown$$00000000) refers (Special) to libshutdown2.o(.ARM.Collect$$libshutdown$$00000007) for __rt_lib_shutdown_fp_trap_1
    libshutdown.o(.ARM.Collect$$libshutdown$$00000000) refers (Special) to libshutdown2.o(.ARM.Collect$$libshutdown$$0000000F) for __rt_lib_shutdown_heap_1
    libshutdown.o(.ARM.Collect$$libshutdown$$00000000) refers (Special) to libshutdown2.o(.ARM.Collect$$libshutdown$$00000010) for __rt_lib_shutdown_return
    libshutdown.o(.ARM.Collect$$libshutdown$$00000000) refers (Special) to libshutdown2.o(.ARM.Collect$$libshutdown$$0000000A) for __rt_lib_shutdown_signal_1
    libshutdown.o(.ARM.Collect$$libshutdown$$00000000) refers (Special) to libshutdown2.o(.ARM.Collect$$libshutdown$$00000004) for __rt_lib_shutdown_stdio_1
    libshutdown.o(.ARM.Collect$$libshutdown$$00000000) refers (Special) to libshutdown2.o(.ARM.Collect$$libshutdown$$0000000C) for __rt_lib_shutdown_user_alloc_1
    sys_command.o(.text) refers (Special) to use_no_semi.o(.text) for __I$use$semihosting
    sys_command.o(.text) refers (Special) to indicate_semi.o(.text) for __semihosting_library_function
    sys_command_hlt.o(.text) refers (Special) to use_no_semi.o(.text) for __I$use$semihosting
    sys_command_hlt.o(.text) refers (Special) to indicate_semi.o(.text) for __semihosting_library_function
    defsig_rtmem_outer.o(.text) refers to defsig_rtmem_inner.o(.text) for __rt_SIGRTMEM_inner
    defsig_rtmem_outer.o(.text) refers to defsig_exit.o(.text) for __sig_exit
    defsig_rtmem_formal.o(.text) refers to rt_raise.o(.text) for __rt_raise
    rt_raise.o(.text) refers to __raise.o(.text) for __raise
    rt_raise.o(.text) refers to sys_exit.o(.text) for _sys_exit
    defsig_exit.o(.text) refers to sys_exit.o(.text) for _sys_exit
    defsig_rtmem_inner.o(.text) refers to defsig_general.o(.text) for __default_signal_display
    __raise.o(.text) refers to defsig.o(CL$$defsig) for __default_signal_handler
    defsig_general.o(.text) refers to sys_wrch.o(.text) for _ttywrch
    sys_wrch.o(.text) refers (Special) to use_no_semi.o(.text) for __I$use$semihosting
    sys_wrch.o(.text) refers (Special) to indicate_semi.o(.text) for __semihosting_library_function
    sys_wrch_hlt.o(.text) refers (Special) to use_no_semi.o(.text) for __I$use$semihosting
    sys_wrch_hlt.o(.text) refers (Special) to indicate_semi.o(.text) for __semihosting_library_function
    defsig.o(CL$$defsig) refers to defsig_rtmem_inner.o(.text) for __rt_SIGRTMEM_inner
    defsig_abrt_inner.o(.text) refers to defsig_general.o(.text) for __default_signal_display
    defsig_fpe_inner.o(.text) refers to defsig_general.o(.text) for __default_signal_display
    defsig_rtred_inner.o(.text) refers to defsig_general.o(.text) for __default_signal_display
    defsig_stak_inner.o(.text) refers to defsig_general.o(.text) for __default_signal_display
    defsig_pvfn_inner.o(.text) refers to defsig_general.o(.text) for __default_signal_display
    defsig_cppl_inner.o(.text) refers to defsig_general.o(.text) for __default_signal_display
    defsig_segv_inner.o(.text) refers to defsig_general.o(.text) for __default_signal_display
    defsig_other.o(.text) refers to defsig_general.o(.text) for __default_signal_display


==============================================================================

Removing Unused input sections from the image.

    Removing main.o(.text), (0 bytes).
    Removing main.o(.ARM.exidx.text.ledxanh), (8 bytes).
    Removing main.o(.ARM.exidx.text.leddo), (8 bytes).
    Removing main.o(.ARM.exidx.text.accel), (8 bytes).
    Removing main.o(.text.gyro), (196 bytes).
    Removing main.o(.ARM.exidx.text.gyro), (8 bytes).
    Removing main.o(.ARM.exidx.text.main), (8 bytes).
    Removing main.o(.ARM.exidx.text.__NVIC_EnableIRQ), (8 bytes).
    Removing main.o(.ARM.exidx.text.hienthi), (8 bytes).
    Removing main.o(.ARM.exidx.text.EXTI0_IRQHandler), (8 bytes).
    Removing main.o(.ARM.exidx.text.EXTI1_IRQHandler), (8 bytes).
    Removing main.o(.ARM.exidx.text.hien1), (8 bytes).
    Removing main.o(.ARM.exidx.text.check), (8 bytes).
    Removing main.o(.bss.Gyro_X_RAW), (2 bytes).
    Removing main.o(.bss.Gyro_Y_RAW), (2 bytes).
    Removing main.o(.bss.Gyro_Z_RAW), (2 bytes).
    Removing main.o(.bss.sw), (1 bytes).
    Removing main.o(.bss.Gx), (4 bytes).
    Removing main.o(.bss.Gy), (4 bytes).
    Removing main.o(.bss.Gz), (4 bytes).
    Removing main.o(.ARM.use_no_argv), (4 bytes).
    Removing i2c_drive.o(.text), (0 bytes).
    Removing i2c_drive.o(.ARM.exidx.text.i2c_init), (8 bytes).
    Removing i2c_drive.o(.ARM.exidx.text.i2c_start), (8 bytes).
    Removing i2c_drive.o(.ARM.exidx.text.i2c_add), (8 bytes).
    Removing i2c_drive.o(.ARM.exidx.text.i2c_data), (8 bytes).
    Removing i2c_drive.o(.ARM.exidx.text.i2c_stop), (8 bytes).
    Removing i2c_drive.o(.text.i2c_write), (88 bytes).
    Removing i2c_drive.o(.ARM.exidx.text.i2c_write), (8 bytes).
    Removing i2c_drive.o(.ARM.exidx.text.i2c_rx), (8 bytes).
    Removing lcd_1602_drive.o(.text), (0 bytes).
    Removing lcd_1602_drive.o(.ARM.exidx.text.lcd_i2c_data), (8 bytes).
    Removing lcd_1602_drive.o(.ARM.exidx.text.lcd_i2c_cmd), (8 bytes).
    Removing lcd_1602_drive.o(.ARM.exidx.text.lcd_i2c_init), (8 bytes).
    Removing lcd_1602_drive.o(.ARM.exidx.text.lcd_i2c_send), (8 bytes).
    Removing lcd_1602_drive.o(.ARM.exidx.text.lcd_i2c_msg), (8 bytes).
    Removing lcd_1602_drive.o(.ARM.exidx.text.lcd_blank_1), (8 bytes).
    Removing lcd_1602_drive.o(.ARM.exidx.text.lcd_blank_2), (8 bytes).
    Removing lcd_1602_drive.o(.ARM.exidx.text.lcd_blank_12), (8 bytes).
    Removing pcf8574_drive.o(.text), (0 bytes).
    Removing pcf8574_drive.o(.ARM.exidx.text.PCF8574_add), (8 bytes).
    Removing pcf8574_drive.o(.ARM.exidx.text.PCF8574_tx_byte), (8 bytes).
    Removing systick_time.o(.text), (0 bytes).
    Removing systick_time.o(.ARM.exidx.text.systick_init), (8 bytes).
    Removing systick_time.o(.ARM.exidx.text.DelayUs), (8 bytes).
    Removing systick_time.o(.ARM.exidx.text.DelayMs), (8 bytes).
    Removing mpu6050.o(.text), (0 bytes).
    Removing mpu6050.o(.ARM.exidx.text.mpu6050_add), (8 bytes).
    Removing mpu6050.o(.ARM.exidx.text.mpu6050_tx), (8 bytes).
    Removing mpu6050.o(.ARM.exidx.text.mpu6050_rx), (8 bytes).
    Removing mpu6050.o(.ARM.exidx.text.mpu6050_init), (8 bytes).
    Removing mpu6050.o(.ARM.exidx.text.mpu6050_accel), (8 bytes).
    Removing mpu6050.o(.text.mpu6050_gyro), (28 bytes).
    Removing mpu6050.o(.ARM.exidx.text.mpu6050_gyro), (8 bytes).
    Removing system_stm32f10x.o(.text), (0 bytes).
    Removing system_stm32f10x.o(.ARM.exidx.text.SystemInit), (8 bytes).
    Removing system_stm32f10x.o(.ARM.exidx.text.SetSysClock), (8 bytes).
    Removing system_stm32f10x.o(.text.SystemCoreClockUpdate), (290 bytes).
    Removing system_stm32f10x.o(.ARM.exidx.text.SystemCoreClockUpdate), (8 bytes).
    Removing system_stm32f10x.o(.ARM.exidx.text.SetSysClockTo72), (8 bytes).
    Removing system_stm32f10x.o(.data.SystemCoreClock), (4 bytes).
    Removing system_stm32f10x.o(.rodata.AHBPrescTable), (16 bytes).

62 unused section(s) (total 973 bytes) removed from the image.

==============================================================================

Image Symbol Table

    Local Symbols

    Symbol Name                              Value     Ov Type        Size  Object(Section)

    ../clib/angel/boardlib.s                 0x00000000   Number         0  boardinit1.o ABSOLUTE
    ../clib/angel/boardlib.s                 0x00000000   Number         0  boardinit2.o ABSOLUTE
    ../clib/angel/boardlib.s                 0x00000000   Number         0  boardinit3.o ABSOLUTE
    ../clib/angel/boardlib.s                 0x00000000   Number         0  boardshut.o ABSOLUTE
    ../clib/angel/handlers.s                 0x00000000   Number         0  __scatter_zi.o ABSOLUTE
    ../clib/angel/kernel.s                   0x00000000   Number         0  __rtentry.o ABSOLUTE
    ../clib/angel/kernel.s                   0x00000000   Number         0  __rtentry2.o ABSOLUTE
    ../clib/angel/kernel.s                   0x00000000   Number         0  __rtentry4.o ABSOLUTE
    ../clib/angel/kernel.s                   0x00000000   Number         0  rtexit.o ABSOLUTE
    ../clib/angel/kernel.s                   0x00000000   Number         0  rtexit2.o ABSOLUTE
    ../clib/angel/rt.s                       0x00000000   Number         0  rt_raise.o ABSOLUTE
    ../clib/angel/scatter.s                  0x00000000   Number         0  __scatter.o ABSOLUTE
    ../clib/angel/startup.s                  0x00000000   Number         0  __main.o ABSOLUTE
    ../clib/angel/sys.s                      0x00000000   Number         0  sys_stackheap_outer.o ABSOLUTE
    ../clib/angel/sys.s                      0x00000000   Number         0  libspace.o ABSOLUTE
    ../clib/angel/sys.s                      0x00000000   Number         0  use_no_semi.o ABSOLUTE
    ../clib/angel/sys.s                      0x00000000   Number         0  indicate_semi.o ABSOLUTE
    ../clib/angel/sysapp.c                   0x00000000   Number         0  sys_exit.o ABSOLUTE
    ../clib/angel/sysapp.c                   0x00000000   Number         0  sys_exit_hlt.o ABSOLUTE
    ../clib/angel/sysapp.c                   0x00000000   Number         0  sys_command.o ABSOLUTE
    ../clib/angel/sysapp.c                   0x00000000   Number         0  sys_command_hlt.o ABSOLUTE
    ../clib/angel/sysapp.c                   0x00000000   Number         0  sys_wrch.o ABSOLUTE
    ../clib/angel/sysapp.c                   0x00000000   Number         0  sys_wrch_hlt.o ABSOLUTE
    ../clib/armsys.c                         0x00000000   Number         0  argv_veneer.o ABSOLUTE
    ../clib/armsys.c                         0x00000000   Number         0  argv_veneer.o ABSOLUTE
    ../clib/armsys.c                         0x00000000   Number         0  _get_argv_nomalloc.o ABSOLUTE
    ../clib/armsys.c                         0x00000000   Number         0  no_argv.o ABSOLUTE
    ../clib/heapalloc.c                      0x00000000   Number         0  hrguard.o ABSOLUTE
    ../clib/heapaux.c                        0x00000000   Number         0  heapauxi.o ABSOLUTE
    ../clib/libinit.s                        0x00000000   Number         0  libinit.o ABSOLUTE
    ../clib/libinit.s                        0x00000000   Number         0  libinit2.o ABSOLUTE
    ../clib/libinit.s                        0x00000000   Number         0  libshutdown.o ABSOLUTE
    ../clib/libinit.s                        0x00000000   Number         0  libshutdown2.o ABSOLUTE
    ../clib/signal.c                         0x00000000   Number         0  defsig_rtmem_outer.o ABSOLUTE
    ../clib/signal.c                         0x00000000   Number         0  defsig_rtmem_formal.o ABSOLUTE
    ../clib/signal.c                         0x00000000   Number         0  defsig_exit.o ABSOLUTE
    ../clib/signal.c                         0x00000000   Number         0  defsig_rtmem_inner.o ABSOLUTE
    ../clib/signal.c                         0x00000000   Number         0  __raise.o ABSOLUTE
    ../clib/signal.c                         0x00000000   Number         0  defsig_general.o ABSOLUTE
    ../clib/signal.c                         0x00000000   Number         0  defsig_abrt_inner.o ABSOLUTE
    ../clib/signal.c                         0x00000000   Number         0  defsig_fpe_inner.o ABSOLUTE
    ../clib/signal.c                         0x00000000   Number         0  defsig_rtred_inner.o ABSOLUTE
    ../clib/signal.c                         0x00000000   Number         0  defsig_stak_inner.o ABSOLUTE
    ../clib/signal.c                         0x00000000   Number         0  defsig_pvfn_inner.o ABSOLUTE
    ../clib/signal.c                         0x00000000   Number         0  defsig_cppl_inner.o ABSOLUTE
    ../clib/signal.c                         0x00000000   Number         0  defsig_segv_inner.o ABSOLUTE
    ../clib/signal.c                         0x00000000   Number         0  defsig_other.o ABSOLUTE
    ../clib/signal.s                         0x00000000   Number         0  defsig.o ABSOLUTE
    ../clib/stdlib.c                         0x00000000   Number         0  exit.o ABSOLUTE
    ../fplib/d2f.s                           0x00000000   Number         0  d2f.o ABSOLUTE
    ../fplib/ddiv.s                          0x00000000   Number         0  ddiv.o ABSOLUTE
    ../fplib/dflt.s                          0x00000000   Number         0  dflt_clz.o ABSOLUTE
    ../fplib/dnaninf.s                       0x00000000   Number         0  dnaninf.o ABSOLUTE
    ../fplib/dretinf.s                       0x00000000   Number         0  dretinf.o ABSOLUTE
    ../fplib/faddsub.s                       0x00000000   Number         0  faddsub_clz.o ABSOLUTE
    ../fplib/fcmp.s                          0x00000000   Number         0  fcmp.o ABSOLUTE
    ../fplib/fcmpi.s                         0x00000000   Number         0  fcmpi.o ABSOLUTE
    ../fplib/feqf.s                          0x00000000   Number         0  feqf.o ABSOLUTE
    ../fplib/fgeqf.s                         0x00000000   Number         0  fgeqf.o ABSOLUTE
    ../fplib/fleqf.s                         0x00000000   Number         0  fleqf.o ABSOLUTE
    ../fplib/fmul.s                          0x00000000   Number         0  fmul.o ABSOLUTE
    ../fplib/fnaninf.s                       0x00000000   Number         0  fnaninf.o ABSOLUTE
    ../fplib/fpinit.s                        0x00000000   Number         0  fpinit.o ABSOLUTE
    ../fplib/fpinit_empty.s                  0x00000000   Number         0  fpinit_empty.o ABSOLUTE
    ../fplib/fretinf.s                       0x00000000   Number         0  fretinf.o ABSOLUTE
    ../fplib/usenofp.s                       0x00000000   Number         0  usenofp.o ABSOLUTE
    PCF8574_drive.c                          0x00000000   Number         0  pcf8574_drive.o ABSOLUTE
    RTE/Device/STM32F103C8/startup_stm32f10x_md.s 0x00000000   Number         0  startup_stm32f10x_md.o ABSOLUTE
    dc.s                                     0x00000000   Number         0  dc.o ABSOLUTE
    i2c_drive.c                              0x00000000   Number         0  i2c_drive.o ABSOLUTE
    lcd_1602_drive.c                         0x00000000   Number         0  lcd_1602_drive.o ABSOLUTE
    main.c                                   0x00000000   Number         0  main.o ABSOLUTE
    mpu6050.c                                0x00000000   Number         0  mpu6050.o ABSOLUTE
    system_stm32f10x.c                       0x00000000   Number         0  system_stm32f10x.o ABSOLUTE
    systick_time.c                           0x00000000   Number         0  systick_time.o ABSOLUTE
    RESET                                    0x08000000   Section      236  startup_stm32f10x_md.o(RESET)
    !!!main                                  0x080000ec   Section        8  __main.o(!!!main)
    !!!scatter                               0x080000f4   Section       92  __scatter.o(!!!scatter)
    !!handler_null                           0x08000150   Section        2  __scatter.o(!!handler_null)
    !!handler_zi                             0x08000154   Section       28  __scatter_zi.o(!!handler_zi)
    .ARM.Collect$$libinit$$00000000          0x08000170   Section        2  libinit.o(.ARM.Collect$$libinit$$00000000)
    .ARM.Collect$$libinit$$00000002          0x08000172   Section        0  libinit2.o(.ARM.Collect$$libinit$$00000002)
    .ARM.Collect$$libinit$$00000004          0x08000172   Section        0  libinit2.o(.ARM.Collect$$libinit$$00000004)
    .ARM.Collect$$libinit$$00000006          0x08000172   Section        0  libinit2.o(.ARM.Collect$$libinit$$00000006)
    .ARM.Collect$$libinit$$0000000C          0x08000172   Section        0  libinit2.o(.ARM.Collect$$libinit$$0000000C)
    .ARM.Collect$$libinit$$0000000E          0x08000172   Section        0  libinit2.o(.ARM.Collect$$libinit$$0000000E)
    .ARM.Collect$$libinit$$00000010          0x08000172   Section        0  libinit2.o(.ARM.Collect$$libinit$$00000010)
    .ARM.Collect$$libinit$$00000013          0x08000172   Section        0  libinit2.o(.ARM.Collect$$libinit$$00000013)
    .ARM.Collect$$libinit$$00000015          0x08000172   Section        0  libinit2.o(.ARM.Collect$$libinit$$00000015)
    .ARM.Collect$$libinit$$00000017          0x08000172   Section        0  libinit2.o(.ARM.Collect$$libinit$$00000017)
    .ARM.Collect$$libinit$$00000019          0x08000172   Section        0  libinit2.o(.ARM.Collect$$libinit$$00000019)
    .ARM.Collect$$libinit$$0000001B          0x08000172   Section        0  libinit2.o(.ARM.Collect$$libinit$$0000001B)
    .ARM.Collect$$libinit$$0000001D          0x08000172   Section        0  libinit2.o(.ARM.Collect$$libinit$$0000001D)
    .ARM.Collect$$libinit$$0000001F          0x08000172   Section        0  libinit2.o(.ARM.Collect$$libinit$$0000001F)
    .ARM.Collect$$libinit$$00000021          0x08000172   Section        0  libinit2.o(.ARM.Collect$$libinit$$00000021)
    .ARM.Collect$$libinit$$00000023          0x08000172   Section        0  libinit2.o(.ARM.Collect$$libinit$$00000023)
    .ARM.Collect$$libinit$$00000025          0x08000172   Section        0  libinit2.o(.ARM.Collect$$libinit$$00000025)
    .ARM.Collect$$libinit$$00000027          0x08000172   Section        0  libinit2.o(.ARM.Collect$$libinit$$00000027)
    .ARM.Collect$$libinit$$0000002E          0x08000172   Section        0  libinit2.o(.ARM.Collect$$libinit$$0000002E)
    .ARM.Collect$$libinit$$00000030          0x08000172   Section        0  libinit2.o(.ARM.Collect$$libinit$$00000030)
    .ARM.Collect$$libinit$$00000032          0x08000172   Section        0  libinit2.o(.ARM.Collect$$libinit$$00000032)
    .ARM.Collect$$libinit$$00000034          0x08000172   Section        0  libinit2.o(.ARM.Collect$$libinit$$00000034)
    .ARM.Collect$$libinit$$00000035          0x08000172   Section        2  libinit2.o(.ARM.Collect$$libinit$$00000035)
    .ARM.Collect$$libshutdown$$00000000      0x08000174   Section        2  libshutdown.o(.ARM.Collect$$libshutdown$$00000000)
    .ARM.Collect$$libshutdown$$00000002      0x08000176   Section        0  libshutdown2.o(.ARM.Collect$$libshutdown$$00000002)
    .ARM.Collect$$libshutdown$$00000004      0x08000176   Section        0  libshutdown2.o(.ARM.Collect$$libshutdown$$00000004)
    .ARM.Collect$$libshutdown$$00000007      0x08000176   Section        0  libshutdown2.o(.ARM.Collect$$libshutdown$$00000007)
    .ARM.Collect$$libshutdown$$0000000A      0x08000176   Section        0  libshutdown2.o(.ARM.Collect$$libshutdown$$0000000A)
    .ARM.Collect$$libshutdown$$0000000C      0x08000176   Section        0  libshutdown2.o(.ARM.Collect$$libshutdown$$0000000C)
    .ARM.Collect$$libshutdown$$0000000F      0x08000176   Section        0  libshutdown2.o(.ARM.Collect$$libshutdown$$0000000F)
    .ARM.Collect$$libshutdown$$00000010      0x08000176   Section        2  libshutdown2.o(.ARM.Collect$$libshutdown$$00000010)
    .ARM.Collect$$rtentry$$00000000          0x08000178   Section        0  __rtentry.o(.ARM.Collect$$rtentry$$00000000)
    .ARM.Collect$$rtentry$$00000002          0x08000178   Section        0  __rtentry2.o(.ARM.Collect$$rtentry$$00000002)
    .ARM.Collect$$rtentry$$00000004          0x08000178   Section        6  __rtentry4.o(.ARM.Collect$$rtentry$$00000004)
    .ARM.Collect$$rtentry$$00000009          0x0800017e   Section        0  __rtentry2.o(.ARM.Collect$$rtentry$$00000009)
    .ARM.Collect$$rtentry$$0000000A          0x0800017e   Section        4  __rtentry2.o(.ARM.Collect$$rtentry$$0000000A)
    .ARM.Collect$$rtentry$$0000000C          0x08000182   Section        0  __rtentry2.o(.ARM.Collect$$rtentry$$0000000C)
    .ARM.Collect$$rtentry$$0000000D          0x08000182   Section        8  __rtentry2.o(.ARM.Collect$$rtentry$$0000000D)
    .ARM.Collect$$rtexit$$00000000           0x0800018a   Section        2  rtexit.o(.ARM.Collect$$rtexit$$00000000)
    .ARM.Collect$$rtexit$$00000002           0x0800018c   Section        0  rtexit2.o(.ARM.Collect$$rtexit$$00000002)
    .ARM.Collect$$rtexit$$00000003           0x0800018c   Section        4  rtexit2.o(.ARM.Collect$$rtexit$$00000003)
    .ARM.Collect$$rtexit$$00000004           0x08000190   Section        6  rtexit2.o(.ARM.Collect$$rtexit$$00000004)
    .text                                    0x08000198   Section       64  startup_stm32f10x_md.o(.text)
    .text                                    0x080001d8   Section        0  heapauxi.o(.text)
    .text                                    0x080001de   Section       74  sys_stackheap_outer.o(.text)
    .text                                    0x08000228   Section        0  exit.o(.text)
    .text                                    0x0800023c   Section        8  libspace.o(.text)
    .text                                    0x08000244   Section        0  sys_exit.o(.text)
    .text                                    0x08000250   Section        2  use_no_semi.o(.text)
    .text                                    0x08000252   Section        0  indicate_semi.o(.text)
    [Anonymous Symbol]                       0x08000254   Section        0  systick_time.o(.text.DelayMs)
    [Anonymous Symbol]                       0x080002c8   Section        0  systick_time.o(.text.DelayUs)
    [Anonymous Symbol]                       0x0800032c   Section        0  main.o(.text.EXTI0_IRQHandler)
    [Anonymous Symbol]                       0x08000370   Section        0  main.o(.text.EXTI1_IRQHandler)
    [Anonymous Symbol]                       0x080003a8   Section        0  pcf8574_drive.o(.text.PCF8574_add)
    [Anonymous Symbol]                       0x080003c8   Section        0  pcf8574_drive.o(.text.PCF8574_tx_byte)
    SetSysClock                              0x08000401   Thumb Code     8  system_stm32f10x.o(.text.SetSysClock)
    [Anonymous Symbol]                       0x08000400   Section        0  system_stm32f10x.o(.text.SetSysClock)
    SetSysClockTo72                          0x08000409   Thumb Code   290  system_stm32f10x.o(.text.SetSysClockTo72)
    [Anonymous Symbol]                       0x08000408   Section        0  system_stm32f10x.o(.text.SetSysClockTo72)
    [Anonymous Symbol]                       0x0800052c   Section        0  system_stm32f10x.o(.text.SystemInit)
    __NVIC_EnableIRQ                         0x08000595   Thumb Code    48  main.o(.text.__NVIC_EnableIRQ)
    [Anonymous Symbol]                       0x08000594   Section        0  main.o(.text.__NVIC_EnableIRQ)
    [Anonymous Symbol]                       0x080005c4   Section        0  main.o(.text.accel)
    [Anonymous Symbol]                       0x08000688   Section        0  main.o(.text.check)
    [Anonymous Symbol]                       0x08000744   Section        0  main.o(.text.hien1)
    [Anonymous Symbol]                       0x08000790   Section        0  main.o(.text.hienthi)
    [Anonymous Symbol]                       0x0800082c   Section        0  i2c_drive.o(.text.i2c_add)
    [Anonymous Symbol]                       0x08000920   Section        0  i2c_drive.o(.text.i2c_data)
    [Anonymous Symbol]                       0x080009bc   Section        0  i2c_drive.o(.text.i2c_init)
    [Anonymous Symbol]                       0x08000ad0   Section        0  i2c_drive.o(.text.i2c_rx)
    [Anonymous Symbol]                       0x08000b98   Section        0  i2c_drive.o(.text.i2c_start)
    [Anonymous Symbol]                       0x08000c04   Section        0  i2c_drive.o(.text.i2c_stop)
    [Anonymous Symbol]                       0x08000c78   Section        0  lcd_1602_drive.o(.text.lcd_blank_1)
    [Anonymous Symbol]                       0x08000c98   Section        0  lcd_1602_drive.o(.text.lcd_blank_12)
    [Anonymous Symbol]                       0x08000cb4   Section        0  lcd_1602_drive.o(.text.lcd_blank_2)
    [Anonymous Symbol]                       0x08000cd4   Section        0  lcd_1602_drive.o(.text.lcd_i2c_cmd)
    [Anonymous Symbol]                       0x08000d78   Section        0  lcd_1602_drive.o(.text.lcd_i2c_data)
    [Anonymous Symbol]                       0x08000e1c   Section        0  lcd_1602_drive.o(.text.lcd_i2c_init)
    [Anonymous Symbol]                       0x08000f84   Section        0  lcd_1602_drive.o(.text.lcd_i2c_msg)
    [Anonymous Symbol]                       0x08000fec   Section        0  lcd_1602_drive.o(.text.lcd_i2c_send)
    [Anonymous Symbol]                       0x08001028   Section        0  main.o(.text.leddo)
    [Anonymous Symbol]                       0x08001060   Section        0  main.o(.text.ledxanh)
    [Anonymous Symbol]                       0x08001098   Section        0  main.o(.text.main)
    [Anonymous Symbol]                       0x080011a0   Section        0  mpu6050.o(.text.mpu6050_accel)
    [Anonymous Symbol]                       0x080011bc   Section        0  mpu6050.o(.text.mpu6050_add)
    [Anonymous Symbol]                       0x080011dc   Section        0  mpu6050.o(.text.mpu6050_init)
    [Anonymous Symbol]                       0x08001254   Section        0  mpu6050.o(.text.mpu6050_rx)
    [Anonymous Symbol]                       0x080012e4   Section        0  mpu6050.o(.text.mpu6050_tx)
    [Anonymous Symbol]                       0x0800132c   Section        0  systick_time.o(.text.systick_init)
    x$fpl$d2f                                0x08001358   Section       98  d2f.o(x$fpl$d2f)
    x$fpl$ddiv                               0x080013bc   Section      692  ddiv.o(x$fpl$ddiv)
    ddiv_entry                               0x080013c3   Thumb Code     0  ddiv.o(x$fpl$ddiv)
    x$fpl$dflt                               0x08001670   Section       46  dflt_clz.o(x$fpl$dflt)
    x$fpl$dnaninf                            0x0800169e   Section      156  dnaninf.o(x$fpl$dnaninf)
    x$fpl$dretinf                            0x0800173a   Section       12  dretinf.o(x$fpl$dretinf)
    x$fpl$fadd                               0x08001748   Section      196  faddsub_clz.o(x$fpl$fadd)
    _fadd1                                   0x08001757   Thumb Code     0  faddsub_clz.o(x$fpl$fadd)
    x$fpl$fcmp                               0x0800180c   Section       84  fcmp.o(x$fpl$fcmp)
    x$fpl$fcmpinf                            0x08001860   Section       24  fcmpi.o(x$fpl$fcmpinf)
    x$fpl$feqf                               0x08001878   Section      104  feqf.o(x$fpl$feqf)
    x$fpl$fgeqf                              0x080018e0   Section      104  fgeqf.o(x$fpl$fgeqf)
    x$fpl$fleqf                              0x08001948   Section      104  fleqf.o(x$fpl$fleqf)
    x$fpl$fmul                               0x080019b0   Section      258  fmul.o(x$fpl$fmul)
    x$fpl$fnaninf                            0x08001ab2   Section      140  fnaninf.o(x$fpl$fnaninf)
    x$fpl$fretinf                            0x08001b3e   Section       10  fretinf.o(x$fpl$fretinf)
    x$fpl$fsub                               0x08001b48   Section      234  faddsub_clz.o(x$fpl$fsub)
    _fsub1                                   0x08001b57   Thumb Code     0  faddsub_clz.o(x$fpl$fsub)
    .L.str.1                                 0x08001c32   Data           2  main.o(.rodata.str1.1)
    [Anonymous Symbol]                       0x08001c32   Section        0  main.o(.rodata.str1.1)
    x$fpl$usenofp                            0x08001c32   Section        0  usenofp.o(x$fpl$usenofp)
    .L.str                                   0x08001c34   Data           2  main.o(.rodata.str1.1)
    .L.str                                   0x08001c36   Data          17  lcd_1602_drive.o(.rodata.str1.1)
    [Anonymous Symbol]                       0x08001c36   Section        0  lcd_1602_drive.o(.rodata.str1.1)
    .bss                                     0x20000000   Section       96  libspace.o(.bss)
    Heap_Mem                                 0x20000078   Data         512  startup_stm32f10x_md.o(HEAP)
    HEAP                                     0x20000078   Section      512  startup_stm32f10x_md.o(HEAP)
    Stack_Mem                                0x20000278   Data        1024  startup_stm32f10x_md.o(STACK)
    STACK                                    0x20000278   Section     1024  startup_stm32f10x_md.o(STACK)
    __initial_sp                             0x20000678   Data           0  startup_stm32f10x_md.o(STACK)

    Global Symbols

    Symbol Name                              Value     Ov Type        Size  Object(Section)

    BuildAttributes$$THM_ISAv4$P$D$K$B$S$PE$A:L22UL41UL21$X:L11$S22US41US21$IEEE1$IW$~IW$USESV6$~STKCKD$USESV7$~SHL$OSPACE$ROPI$EBA8$UX$STANDARDLIB$REQ8$PRES8$EABIv2 0x00000000   Number         0  anon$$obj.o ABSOLUTE
    __fp_init_empty                          0x00000000   Number         0  fpinit_empty.o ABSOLUTE
    __ARM_exceptions_init                     - Undefined Weak Reference
    __alloca_initialize                       - Undefined Weak Reference
    __arm_preinit_                            - Undefined Weak Reference
    __arm_relocate_pie_                       - Undefined Weak Reference
    __cpp_initialize__aeabi_                  - Undefined Weak Reference
    __cxa_finalize                            - Undefined Weak Reference
    __rt_locale                               - Undefined Weak Reference
    __sigvec_lookup                           - Undefined Weak Reference
    _atexit_init                              - Undefined Weak Reference
    _call_atexit_fns                          - Undefined Weak Reference
    _clock_init                               - Undefined Weak Reference
    _fp_trap_init                             - Undefined Weak Reference
    _fp_trap_shutdown                         - Undefined Weak Reference
    _get_lc_collate                           - Undefined Weak Reference
    _get_lc_ctype                             - Undefined Weak Reference
    _get_lc_monetary                          - Undefined Weak Reference
    _get_lc_numeric                           - Undefined Weak Reference
    _get_lc_time                              - Undefined Weak Reference
    _getenv_init                              - Undefined Weak Reference
    _handle_redirection                       - Undefined Weak Reference
    _init_alloc                               - Undefined Weak Reference
    _init_user_alloc                          - Undefined Weak Reference
    _initio                                   - Undefined Weak Reference
    _rand_init                                - Undefined Weak Reference
    _signal_finish                            - Undefined Weak Reference
    _signal_init                              - Undefined Weak Reference
    _terminate_alloc                          - Undefined Weak Reference
    _terminate_user_alloc                     - Undefined Weak Reference
    _terminateio                              - Undefined Weak Reference
    __Vectors_Size                           0x000000ec   Number         0  startup_stm32f10x_md.o ABSOLUTE
    __Vectors                                0x08000000   Data           4  startup_stm32f10x_md.o(RESET)
    __Vectors_End                            0x080000ec   Data           0  startup_stm32f10x_md.o(RESET)
    __main                                   0x080000ed   Thumb Code     8  __main.o(!!!main)
    __scatterload                            0x080000f5   Thumb Code     0  __scatter.o(!!!scatter)
    __scatterload_rt2                        0x080000f5   Thumb Code    84  __scatter.o(!!!scatter)
    __scatterload_rt2_thumb_only             0x080000f5   Thumb Code     0  __scatter.o(!!!scatter)
    __scatterload_loop                       0x080000ff   Thumb Code     0  __scatter.o(!!!scatter)
    __scatterload_null                       0x08000151   Thumb Code     2  __scatter.o(!!handler_null)
    __scatterload_zeroinit                   0x08000155   Thumb Code    28  __scatter_zi.o(!!handler_zi)
    __rt_lib_init                            0x08000171   Thumb Code     0  libinit.o(.ARM.Collect$$libinit$$00000000)
    __rt_lib_init_alloca_1                   0x08000173   Thumb Code     0  libinit2.o(.ARM.Collect$$libinit$$00000030)
    __rt_lib_init_argv_1                     0x08000173   Thumb Code     0  libinit2.o(.ARM.Collect$$libinit$$0000002E)
    __rt_lib_init_atexit_1                   0x08000173   Thumb Code     0  libinit2.o(.ARM.Collect$$libinit$$0000001D)
    __rt_lib_init_clock_1                    0x08000173   Thumb Code     0  libinit2.o(.ARM.Collect$$libinit$$00000023)
    __rt_lib_init_cpp_1                      0x08000173   Thumb Code     0  libinit2.o(.ARM.Collect$$libinit$$00000034)
    __rt_lib_init_exceptions_1               0x08000173   Thumb Code     0  libinit2.o(.ARM.Collect$$libinit$$00000032)
    __rt_lib_init_fp_1                       0x08000173   Thumb Code     0  libinit2.o(.ARM.Collect$$libinit$$00000002)
    __rt_lib_init_fp_trap_1                  0x08000173   Thumb Code     0  libinit2.o(.ARM.Collect$$libinit$$00000021)
    __rt_lib_init_getenv_1                   0x08000173   Thumb Code     0  libinit2.o(.ARM.Collect$$libinit$$00000025)
    __rt_lib_init_heap_1                     0x08000173   Thumb Code     0  libinit2.o(.ARM.Collect$$libinit$$0000000C)
    __rt_lib_init_lc_collate_1               0x08000173   Thumb Code     0  libinit2.o(.ARM.Collect$$libinit$$00000013)
    __rt_lib_init_lc_ctype_1                 0x08000173   Thumb Code     0  libinit2.o(.ARM.Collect$$libinit$$00000015)
    __rt_lib_init_lc_monetary_1              0x08000173   Thumb Code     0  libinit2.o(.ARM.Collect$$libinit$$00000017)
    __rt_lib_init_lc_numeric_1               0x08000173   Thumb Code     0  libinit2.o(.ARM.Collect$$libinit$$00000019)
    __rt_lib_init_lc_time_1                  0x08000173   Thumb Code     0  libinit2.o(.ARM.Collect$$libinit$$0000001B)
    __rt_lib_init_preinit_1                  0x08000173   Thumb Code     0  libinit2.o(.ARM.Collect$$libinit$$00000006)
    __rt_lib_init_rand_1                     0x08000173   Thumb Code     0  libinit2.o(.ARM.Collect$$libinit$$00000010)
    __rt_lib_init_relocate_pie_1             0x08000173   Thumb Code     0  libinit2.o(.ARM.Collect$$libinit$$00000004)
    __rt_lib_init_return                     0x08000173   Thumb Code     0  libinit2.o(.ARM.Collect$$libinit$$00000035)
    __rt_lib_init_signal_1                   0x08000173   Thumb Code     0  libinit2.o(.ARM.Collect$$libinit$$0000001F)
    __rt_lib_init_stdio_1                    0x08000173   Thumb Code     0  libinit2.o(.ARM.Collect$$libinit$$00000027)
    __rt_lib_init_user_alloc_1               0x08000173   Thumb Code     0  libinit2.o(.ARM.Collect$$libinit$$0000000E)
    __rt_lib_shutdown                        0x08000175   Thumb Code     0  libshutdown.o(.ARM.Collect$$libshutdown$$00000000)
    __rt_lib_shutdown_cpp_1                  0x08000177   Thumb Code     0  libshutdown2.o(.ARM.Collect$$libshutdown$$00000002)
    __rt_lib_shutdown_fp_trap_1              0x08000177   Thumb Code     0  libshutdown2.o(.ARM.Collect$$libshutdown$$00000007)
    __rt_lib_shutdown_heap_1                 0x08000177   Thumb Code     0  libshutdown2.o(.ARM.Collect$$libshutdown$$0000000F)
    __rt_lib_shutdown_return                 0x08000177   Thumb Code     0  libshutdown2.o(.ARM.Collect$$libshutdown$$00000010)
    __rt_lib_shutdown_signal_1               0x08000177   Thumb Code     0  libshutdown2.o(.ARM.Collect$$libshutdown$$0000000A)
    __rt_lib_shutdown_stdio_1                0x08000177   Thumb Code     0  libshutdown2.o(.ARM.Collect$$libshutdown$$00000004)
    __rt_lib_shutdown_user_alloc_1           0x08000177   Thumb Code     0  libshutdown2.o(.ARM.Collect$$libshutdown$$0000000C)
    __rt_entry                               0x08000179   Thumb Code     0  __rtentry.o(.ARM.Collect$$rtentry$$00000000)
    __rt_entry_presh_1                       0x08000179   Thumb Code     0  __rtentry2.o(.ARM.Collect$$rtentry$$00000002)
    __rt_entry_sh                            0x08000179   Thumb Code     0  __rtentry4.o(.ARM.Collect$$rtentry$$00000004)
    __rt_entry_li                            0x0800017f   Thumb Code     0  __rtentry2.o(.ARM.Collect$$rtentry$$0000000A)
    __rt_entry_postsh_1                      0x0800017f   Thumb Code     0  __rtentry2.o(.ARM.Collect$$rtentry$$00000009)
    __rt_entry_main                          0x08000183   Thumb Code     0  __rtentry2.o(.ARM.Collect$$rtentry$$0000000D)
    __rt_entry_postli_1                      0x08000183   Thumb Code     0  __rtentry2.o(.ARM.Collect$$rtentry$$0000000C)
    __rt_exit                                0x0800018b   Thumb Code     0  rtexit.o(.ARM.Collect$$rtexit$$00000000)
    __rt_exit_ls                             0x0800018d   Thumb Code     0  rtexit2.o(.ARM.Collect$$rtexit$$00000003)
    __rt_exit_prels_1                        0x0800018d   Thumb Code     0  rtexit2.o(.ARM.Collect$$rtexit$$00000002)
    __rt_exit_exit                           0x08000191   Thumb Code     0  rtexit2.o(.ARM.Collect$$rtexit$$00000004)
    Reset_Handler                            0x08000199   Thumb Code     8  startup_stm32f10x_md.o(.text)
    NMI_Handler                              0x080001a1   Thumb Code     2  startup_stm32f10x_md.o(.text)
    HardFault_Handler                        0x080001a3   Thumb Code     2  startup_stm32f10x_md.o(.text)
    MemManage_Handler                        0x080001a5   Thumb Code     2  startup_stm32f10x_md.o(.text)
    BusFault_Handler                         0x080001a7   Thumb Code     2  startup_stm32f10x_md.o(.text)
    UsageFault_Handler                       0x080001a9   Thumb Code     2  startup_stm32f10x_md.o(.text)
    SVC_Handler                              0x080001ab   Thumb Code     2  startup_stm32f10x_md.o(.text)
    DebugMon_Handler                         0x080001ad   Thumb Code     2  startup_stm32f10x_md.o(.text)
    PendSV_Handler                           0x080001af   Thumb Code     2  startup_stm32f10x_md.o(.text)
    SysTick_Handler                          0x080001b1   Thumb Code     2  startup_stm32f10x_md.o(.text)
    ADC1_2_IRQHandler                        0x080001b3   Thumb Code     0  startup_stm32f10x_md.o(.text)
    CAN1_RX1_IRQHandler                      0x080001b3   Thumb Code     0  startup_stm32f10x_md.o(.text)
    CAN1_SCE_IRQHandler                      0x080001b3   Thumb Code     0  startup_stm32f10x_md.o(.text)
    DMA1_Channel1_IRQHandler                 0x080001b3   Thumb Code     0  startup_stm32f10x_md.o(.text)
    DMA1_Channel2_IRQHandler                 0x080001b3   Thumb Code     0  startup_stm32f10x_md.o(.text)
    DMA1_Channel3_IRQHandler                 0x080001b3   Thumb Code     0  startup_stm32f10x_md.o(.text)
    DMA1_Channel4_IRQHandler                 0x080001b3   Thumb Code     0  startup_stm32f10x_md.o(.text)
    DMA1_Channel5_IRQHandler                 0x080001b3   Thumb Code     0  startup_stm32f10x_md.o(.text)
    DMA1_Channel6_IRQHandler                 0x080001b3   Thumb Code     0  startup_stm32f10x_md.o(.text)
    DMA1_Channel7_IRQHandler                 0x080001b3   Thumb Code     0  startup_stm32f10x_md.o(.text)
    EXTI15_10_IRQHandler                     0x080001b3   Thumb Code     0  startup_stm32f10x_md.o(.text)
    EXTI2_IRQHandler                         0x080001b3   Thumb Code     0  startup_stm32f10x_md.o(.text)
    EXTI3_IRQHandler                         0x080001b3   Thumb Code     0  startup_stm32f10x_md.o(.text)
    EXTI4_IRQHandler                         0x080001b3   Thumb Code     0  startup_stm32f10x_md.o(.text)
    EXTI9_5_IRQHandler                       0x080001b3   Thumb Code     0  startup_stm32f10x_md.o(.text)
    FLASH_IRQHandler                         0x080001b3   Thumb Code     0  startup_stm32f10x_md.o(.text)
    I2C1_ER_IRQHandler                       0x080001b3   Thumb Code     0  startup_stm32f10x_md.o(.text)
    I2C1_EV_IRQHandler                       0x080001b3   Thumb Code     0  startup_stm32f10x_md.o(.text)
    I2C2_ER_IRQHandler                       0x080001b3   Thumb Code     0  startup_stm32f10x_md.o(.text)
    I2C2_EV_IRQHandler                       0x080001b3   Thumb Code     0  startup_stm32f10x_md.o(.text)
    PVD_IRQHandler                           0x080001b3   Thumb Code     0  startup_stm32f10x_md.o(.text)
    RCC_IRQHandler                           0x080001b3   Thumb Code     0  startup_stm32f10x_md.o(.text)
    RTCAlarm_IRQHandler                      0x080001b3   Thumb Code     0  startup_stm32f10x_md.o(.text)
    RTC_IRQHandler                           0x080001b3   Thumb Code     0  startup_stm32f10x_md.o(.text)
    SPI1_IRQHandler                          0x080001b3   Thumb Code     0  startup_stm32f10x_md.o(.text)
    SPI2_IRQHandler                          0x080001b3   Thumb Code     0  startup_stm32f10x_md.o(.text)
    TAMPER_IRQHandler                        0x080001b3   Thumb Code     0  startup_stm32f10x_md.o(.text)
    TIM1_BRK_IRQHandler                      0x080001b3   Thumb Code     0  startup_stm32f10x_md.o(.text)
    TIM1_CC_IRQHandler                       0x080001b3   Thumb Code     0  startup_stm32f10x_md.o(.text)
    TIM1_TRG_COM_IRQHandler                  0x080001b3   Thumb Code     0  startup_stm32f10x_md.o(.text)
    TIM1_UP_IRQHandler                       0x080001b3   Thumb Code     0  startup_stm32f10x_md.o(.text)
    TIM2_IRQHandler                          0x080001b3   Thumb Code     0  startup_stm32f10x_md.o(.text)
    TIM3_IRQHandler                          0x080001b3   Thumb Code     0  startup_stm32f10x_md.o(.text)
    TIM4_IRQHandler                          0x080001b3   Thumb Code     0  startup_stm32f10x_md.o(.text)
    USART1_IRQHandler                        0x080001b3   Thumb Code     0  startup_stm32f10x_md.o(.text)
    USART2_IRQHandler                        0x080001b3   Thumb Code     0  startup_stm32f10x_md.o(.text)
    USART3_IRQHandler                        0x080001b3   Thumb Code     0  startup_stm32f10x_md.o(.text)
    USBWakeUp_IRQHandler                     0x080001b3   Thumb Code     0  startup_stm32f10x_md.o(.text)
    USB_HP_CAN1_TX_IRQHandler                0x080001b3   Thumb Code     0  startup_stm32f10x_md.o(.text)
    USB_LP_CAN1_RX0_IRQHandler               0x080001b3   Thumb Code     0  startup_stm32f10x_md.o(.text)
    WWDG_IRQHandler                          0x080001b3   Thumb Code     0  startup_stm32f10x_md.o(.text)
    __user_initial_stackheap                 0x080001b5   Thumb Code     0  startup_stm32f10x_md.o(.text)
    __use_two_region_memory                  0x080001d9   Thumb Code     2  heapauxi.o(.text)
    __rt_heap_escrow$2region                 0x080001db   Thumb Code     2  heapauxi.o(.text)
    __rt_heap_expand$2region                 0x080001dd   Thumb Code     2  heapauxi.o(.text)
    __user_setup_stackheap                   0x080001df   Thumb Code    74  sys_stackheap_outer.o(.text)
    exit                                     0x08000229   Thumb Code    18  exit.o(.text)
    __user_libspace                          0x0800023d   Thumb Code     8  libspace.o(.text)
    __user_perproc_libspace                  0x0800023d   Thumb Code     0  libspace.o(.text)
    __user_perthread_libspace                0x0800023d   Thumb Code     0  libspace.o(.text)
    _sys_exit                                0x08000245   Thumb Code     8  sys_exit.o(.text)
    __I$use$semihosting                      0x08000251   Thumb Code     0  use_no_semi.o(.text)
    __use_no_semihosting_swi                 0x08000251   Thumb Code     2  use_no_semi.o(.text)
    __semihosting_library_function           0x08000253   Thumb Code     0  indicate_semi.o(.text)
    DelayMs                                  0x08000255   Thumb Code   116  systick_time.o(.text.DelayMs)
    DelayUs                                  0x080002c9   Thumb Code    98  systick_time.o(.text.DelayUs)
    EXTI0_IRQHandler                         0x0800032d   Thumb Code    68  main.o(.text.EXTI0_IRQHandler)
    EXTI1_IRQHandler                         0x08000371   Thumb Code    54  main.o(.text.EXTI1_IRQHandler)
    PCF8574_add                              0x080003a9   Thumb Code    30  pcf8574_drive.o(.text.PCF8574_add)
    PCF8574_tx_byte                          0x080003c9   Thumb Code    54  pcf8574_drive.o(.text.PCF8574_tx_byte)
    SystemInit                               0x0800052d   Thumb Code   102  system_stm32f10x.o(.text.SystemInit)
    accel                                    0x080005c5   Thumb Code   194  main.o(.text.accel)
    check                                    0x08000689   Thumb Code   186  main.o(.text.check)
    hien1                                    0x08000745   Thumb Code    76  main.o(.text.hien1)
    hienthi                                  0x08000791   Thumb Code   154  main.o(.text.hienthi)
    i2c_add                                  0x0800082d   Thumb Code   244  i2c_drive.o(.text.i2c_add)
    i2c_data                                 0x08000921   Thumb Code   156  i2c_drive.o(.text.i2c_data)
    i2c_init                                 0x080009bd   Thumb Code   276  i2c_drive.o(.text.i2c_init)
    i2c_rx                                   0x08000ad1   Thumb Code   200  i2c_drive.o(.text.i2c_rx)
    i2c_start                                0x08000b99   Thumb Code   108  i2c_drive.o(.text.i2c_start)
    i2c_stop                                 0x08000c05   Thumb Code   116  i2c_drive.o(.text.i2c_stop)
    lcd_blank_1                              0x08000c79   Thumb Code    32  lcd_1602_drive.o(.text.lcd_blank_1)
    lcd_blank_12                             0x08000c99   Thumb Code    28  lcd_1602_drive.o(.text.lcd_blank_12)
    lcd_blank_2                              0x08000cb5   Thumb Code    32  lcd_1602_drive.o(.text.lcd_blank_2)
    lcd_i2c_cmd                              0x08000cd5   Thumb Code   162  lcd_1602_drive.o(.text.lcd_i2c_cmd)
    lcd_i2c_data                             0x08000d79   Thumb Code   162  lcd_1602_drive.o(.text.lcd_i2c_data)
    lcd_i2c_init                             0x08000e1d   Thumb Code   358  lcd_1602_drive.o(.text.lcd_i2c_init)
    lcd_i2c_msg                              0x08000f85   Thumb Code   104  lcd_1602_drive.o(.text.lcd_i2c_msg)
    lcd_i2c_send                             0x08000fed   Thumb Code    58  lcd_1602_drive.o(.text.lcd_i2c_send)
    leddo                                    0x08001029   Thumb Code    56  main.o(.text.leddo)
    ledxanh                                  0x08001061   Thumb Code    56  main.o(.text.ledxanh)
    main                                     0x08001099   Thumb Code   262  main.o(.text.main)
    mpu6050_accel                            0x080011a1   Thumb Code    28  mpu6050.o(.text.mpu6050_accel)
    mpu6050_add                              0x080011bd   Thumb Code    30  mpu6050.o(.text.mpu6050_add)
    mpu6050_init                             0x080011dd   Thumb Code   118  mpu6050.o(.text.mpu6050_init)
    mpu6050_rx                               0x08001255   Thumb Code   142  mpu6050.o(.text.mpu6050_rx)
    mpu6050_tx                               0x080012e5   Thumb Code    70  mpu6050.o(.text.mpu6050_tx)
    systick_init                             0x0800132d   Thumb Code    42  systick_time.o(.text.systick_init)
    __aeabi_d2f                              0x08001359   Thumb Code     0  d2f.o(x$fpl$d2f)
    _d2f                                     0x08001359   Thumb Code    98  d2f.o(x$fpl$d2f)
    __aeabi_ddiv                             0x080013bd   Thumb Code     0  ddiv.o(x$fpl$ddiv)
    _ddiv                                    0x080013bd   Thumb Code   556  ddiv.o(x$fpl$ddiv)
    __aeabi_i2d                              0x08001671   Thumb Code     0  dflt_clz.o(x$fpl$dflt)
    _dflt                                    0x08001671   Thumb Code    46  dflt_clz.o(x$fpl$dflt)
    __fpl_dnaninf                            0x0800169f   Thumb Code   156  dnaninf.o(x$fpl$dnaninf)
    __fpl_dretinf                            0x0800173b   Thumb Code    12  dretinf.o(x$fpl$dretinf)
    __aeabi_fadd                             0x08001749   Thumb Code     0  faddsub_clz.o(x$fpl$fadd)
    _fadd                                    0x08001749   Thumb Code   196  faddsub_clz.o(x$fpl$fadd)
    __aeabi_fcmpeq                           0x0800180d   Thumb Code     0  fcmp.o(x$fpl$fcmp)
    _feq                                     0x0800180d   Thumb Code    14  fcmp.o(x$fpl$fcmp)
    _fneq                                    0x0800181b   Thumb Code    14  fcmp.o(x$fpl$fcmp)
    __aeabi_fcmpgt                           0x08001829   Thumb Code     0  fcmp.o(x$fpl$fcmp)
    _fgr                                     0x08001829   Thumb Code    14  fcmp.o(x$fpl$fcmp)
    __aeabi_fcmpge                           0x08001837   Thumb Code     0  fcmp.o(x$fpl$fcmp)
    _fgeq                                    0x08001837   Thumb Code    14  fcmp.o(x$fpl$fcmp)
    __aeabi_fcmple                           0x08001845   Thumb Code     0  fcmp.o(x$fpl$fcmp)
    _fleq                                    0x08001845   Thumb Code    14  fcmp.o(x$fpl$fcmp)
    __aeabi_fcmplt                           0x08001853   Thumb Code     0  fcmp.o(x$fpl$fcmp)
    _fls                                     0x08001853   Thumb Code    14  fcmp.o(x$fpl$fcmp)
    __fpl_fcmp_Inf                           0x08001861   Thumb Code    24  fcmpi.o(x$fpl$fcmpinf)
    __aeabi_cfcmpeq                          0x08001879   Thumb Code     0  feqf.o(x$fpl$feqf)
    _fcmpeq                                  0x08001879   Thumb Code   104  feqf.o(x$fpl$feqf)
    _fcmpge                                  0x080018e1   Thumb Code   104  fgeqf.o(x$fpl$fgeqf)
    __aeabi_cfcmple                          0x08001949   Thumb Code     0  fleqf.o(x$fpl$fleqf)
    _fcmple                                  0x08001949   Thumb Code   104  fleqf.o(x$fpl$fleqf)
    __fpl_fcmple_InfNaN                      0x0800199b   Thumb Code     0  fleqf.o(x$fpl$fleqf)
    __aeabi_fmul                             0x080019b1   Thumb Code     0  fmul.o(x$fpl$fmul)
    _fmul                                    0x080019b1   Thumb Code   258  fmul.o(x$fpl$fmul)
    __fpl_fnaninf                            0x08001ab3   Thumb Code   140  fnaninf.o(x$fpl$fnaninf)
    __fpl_fretinf                            0x08001b3f   Thumb Code    10  fretinf.o(x$fpl$fretinf)
    __aeabi_fsub                             0x08001b49   Thumb Code     0  faddsub_clz.o(x$fpl$fsub)
    _fsub                                    0x08001b49   Thumb Code   234  faddsub_clz.o(x$fpl$fsub)
    __I$use$fp                               0x08001c32   Number         0  usenofp.o(x$fpl$usenofp)
    Region$$Table$$Base                      0x08001c48   Number         0  anon$$obj.o(Region$$Table)
    Region$$Table$$Limit                     0x08001c58   Number         0  anon$$obj.o(Region$$Table)
    __libspace_start                         0x20000000   Data          96  libspace.o(.bss)
    Accel_X_RAW                              0x20000060   Data           2  main.o(.bss.Accel_X_RAW)
    __temporary_stack_top$libspace           0x20000060   Data           0  libspace.o(.bss)
    Accel_Y_RAW                              0x20000062   Data           2  main.o(.bss.Accel_Y_RAW)
    Accel_Z_RAW                              0x20000064   Data           2  main.o(.bss.Accel_Z_RAW)
    Ax                                       0x20000068   Data           4  main.o(.bss.Ax)
    Ay                                       0x2000006c   Data           4  main.o(.bss.Ay)
    Az                                       0x20000070   Data           4  main.o(.bss.Az)
    mode                                     0x20000074   Data           1  main.o(.bss.mode)
    on                                       0x20000075   Data           1  main.o(.bss.on)



==============================================================================

Memory Map of the image

  Image Entry point : 0x08000199

  Load Region LR_1 (Base: 0x08000000, Size: 0x00001c58, Max: 0xffffffff, ABSOLUTE)

    Execution Region ER_RO (Exec base: 0x08000000, Load base: 0x08000000, Size: 0x00001c58, Max: 0xffffffff, ABSOLUTE)

    Exec Addr    Load Addr    Size         Type   Attr      Idx    E Section Name        Object

    0x08000000   0x08000000   0x000000ec   Data   RO          137    RESET               startup_stm32f10x_md.o
    0x080000ec   0x080000ec   0x00000008   Code   RO          165  * !!!main             c_w.l(__main.o)
    0x080000f4   0x080000f4   0x0000005c   Code   RO          369    !!!scatter          c_w.l(__scatter.o)
    0x08000150   0x08000150   0x00000002   Code   RO          370    !!handler_null      c_w.l(__scatter.o)
    0x08000152   0x08000152   0x00000002   PAD
    0x08000154   0x08000154   0x0000001c   Code   RO          373    !!handler_zi        c_w.l(__scatter_zi.o)
    0x08000170   0x08000170   0x00000002   Code   RO          231    .ARM.Collect$$libinit$$00000000  c_w.l(libinit.o)
    0x08000172   0x08000172   0x00000000   Code   RO          238    .ARM.Collect$$libinit$$00000002  c_w.l(libinit2.o)
    0x08000172   0x08000172   0x00000000   Code   RO          240    .ARM.Collect$$libinit$$00000004  c_w.l(libinit2.o)
    0x08000172   0x08000172   0x00000000   Code   RO          242    .ARM.Collect$$libinit$$00000006  c_w.l(libinit2.o)
    0x08000172   0x08000172   0x00000000   Code   RO          245    .ARM.Collect$$libinit$$0000000C  c_w.l(libinit2.o)
    0x08000172   0x08000172   0x00000000   Code   RO          247    .ARM.Collect$$libinit$$0000000E  c_w.l(libinit2.o)
    0x08000172   0x08000172   0x00000000   Code   RO          249    .ARM.Collect$$libinit$$00000010  c_w.l(libinit2.o)
    0x08000172   0x08000172   0x00000000   Code   RO          252    .ARM.Collect$$libinit$$00000013  c_w.l(libinit2.o)
    0x08000172   0x08000172   0x00000000   Code   RO          254    .ARM.Collect$$libinit$$00000015  c_w.l(libinit2.o)
    0x08000172   0x08000172   0x00000000   Code   RO          256    .ARM.Collect$$libinit$$00000017  c_w.l(libinit2.o)
    0x08000172   0x08000172   0x00000000   Code   RO          258    .ARM.Collect$$libinit$$00000019  c_w.l(libinit2.o)
    0x08000172   0x08000172   0x00000000   Code   RO          260    .ARM.Collect$$libinit$$0000001B  c_w.l(libinit2.o)
    0x08000172   0x08000172   0x00000000   Code   RO          262    .ARM.Collect$$libinit$$0000001D  c_w.l(libinit2.o)
    0x08000172   0x08000172   0x00000000   Code   RO          264    .ARM.Collect$$libinit$$0000001F  c_w.l(libinit2.o)
    0x08000172   0x08000172   0x00000000   Code   RO          266    .ARM.Collect$$libinit$$00000021  c_w.l(libinit2.o)
    0x08000172   0x08000172   0x00000000   Code   RO          268    .ARM.Collect$$libinit$$00000023  c_w.l(libinit2.o)
    0x08000172   0x08000172   0x00000000   Code   RO          270    .ARM.Collect$$libinit$$00000025  c_w.l(libinit2.o)
    0x08000172   0x08000172   0x00000000   Code   RO          272    .ARM.Collect$$libinit$$00000027  c_w.l(libinit2.o)
    0x08000172   0x08000172   0x00000000   Code   RO          276    .ARM.Collect$$libinit$$0000002E  c_w.l(libinit2.o)
    0x08000172   0x08000172   0x00000000   Code   RO          278    .ARM.Collect$$libinit$$00000030  c_w.l(libinit2.o)
    0x08000172   0x08000172   0x00000000   Code   RO          280    .ARM.Collect$$libinit$$00000032  c_w.l(libinit2.o)
    0x08000172   0x08000172   0x00000000   Code   RO          282    .ARM.Collect$$libinit$$00000034  c_w.l(libinit2.o)
    0x08000172   0x08000172   0x00000002   Code   RO          283    .ARM.Collect$$libinit$$00000035  c_w.l(libinit2.o)
    0x08000174   0x08000174   0x00000002   Code   RO          305    .ARM.Collect$$libshutdown$$00000000  c_w.l(libshutdown.o)
    0x08000176   0x08000176   0x00000000   Code   RO          320    .ARM.Collect$$libshutdown$$00000002  c_w.l(libshutdown2.o)
    0x08000176   0x08000176   0x00000000   Code   RO          322    .ARM.Collect$$libshutdown$$00000004  c_w.l(libshutdown2.o)
    0x08000176   0x08000176   0x00000000   Code   RO          325    .ARM.Collect$$libshutdown$$00000007  c_w.l(libshutdown2.o)
    0x08000176   0x08000176   0x00000000   Code   RO          328    .ARM.Collect$$libshutdown$$0000000A  c_w.l(libshutdown2.o)
    0x08000176   0x08000176   0x00000000   Code   RO          330    .ARM.Collect$$libshutdown$$0000000C  c_w.l(libshutdown2.o)
    0x08000176   0x08000176   0x00000000   Code   RO          333    .ARM.Collect$$libshutdown$$0000000F  c_w.l(libshutdown2.o)
    0x08000176   0x08000176   0x00000002   Code   RO          334    .ARM.Collect$$libshutdown$$00000010  c_w.l(libshutdown2.o)
    0x08000178   0x08000178   0x00000000   Code   RO          189    .ARM.Collect$$rtentry$$00000000  c_w.l(__rtentry.o)
    0x08000178   0x08000178   0x00000000   Code   RO          206    .ARM.Collect$$rtentry$$00000002  c_w.l(__rtentry2.o)
    0x08000178   0x08000178   0x00000006   Code   RO          218    .ARM.Collect$$rtentry$$00000004  c_w.l(__rtentry4.o)
    0x0800017e   0x0800017e   0x00000000   Code   RO          208    .ARM.Collect$$rtentry$$00000009  c_w.l(__rtentry2.o)
    0x0800017e   0x0800017e   0x00000004   Code   RO          209    .ARM.Collect$$rtentry$$0000000A  c_w.l(__rtentry2.o)
    0x08000182   0x08000182   0x00000000   Code   RO          211    .ARM.Collect$$rtentry$$0000000C  c_w.l(__rtentry2.o)
    0x08000182   0x08000182   0x00000008   Code   RO          212    .ARM.Collect$$rtentry$$0000000D  c_w.l(__rtentry2.o)
    0x0800018a   0x0800018a   0x00000002   Code   RO          235    .ARM.Collect$$rtexit$$00000000  c_w.l(rtexit.o)
    0x0800018c   0x0800018c   0x00000000   Code   RO          285    .ARM.Collect$$rtexit$$00000002  c_w.l(rtexit2.o)
    0x0800018c   0x0800018c   0x00000004   Code   RO          286    .ARM.Collect$$rtexit$$00000003  c_w.l(rtexit2.o)
    0x08000190   0x08000190   0x00000006   Code   RO          287    .ARM.Collect$$rtexit$$00000004  c_w.l(rtexit2.o)
    0x08000196   0x08000196   0x00000002   PAD
    0x08000198   0x08000198   0x00000040   Code   RO          138  * .text               startup_stm32f10x_md.o
    0x080001d8   0x080001d8   0x00000006   Code   RO          163    .text               c_w.l(heapauxi.o)
    0x080001de   0x080001de   0x0000004a   Code   RO          222    .text               c_w.l(sys_stackheap_outer.o)
    0x08000228   0x08000228   0x00000012   Code   RO          224    .text               c_w.l(exit.o)
    0x0800023a   0x0800023a   0x00000002   PAD
    0x0800023c   0x0800023c   0x00000008   Code   RO          232    .text               c_w.l(libspace.o)
    0x08000244   0x08000244   0x0000000c   Code   RO          295    .text               c_w.l(sys_exit.o)
    0x08000250   0x08000250   0x00000002   Code   RO          310    .text               c_w.l(use_no_semi.o)
    0x08000252   0x08000252   0x00000000   Code   RO          312    .text               c_w.l(indicate_semi.o)
    0x08000252   0x08000252   0x00000002   PAD
    0x08000254   0x08000254   0x00000074   Code   RO          108    .text.DelayMs       systick_time.o
    0x080002c8   0x080002c8   0x00000062   Code   RO          106    .text.DelayUs       systick_time.o
    0x0800032a   0x0800032a   0x00000002   PAD
    0x0800032c   0x0800032c   0x00000044   Code   RO           16    .text.EXTI0_IRQHandler  main.o
    0x08000370   0x08000370   0x00000036   Code   RO           18    .text.EXTI1_IRQHandler  main.o
    0x080003a6   0x080003a6   0x00000002   PAD
    0x080003a8   0x080003a8   0x0000001e   Code   RO           93    .text.PCF8574_add   pcf8574_drive.o
    0x080003c6   0x080003c6   0x00000002   PAD
    0x080003c8   0x080003c8   0x00000036   Code   RO           95    .text.PCF8574_tx_byte  pcf8574_drive.o
    0x080003fe   0x080003fe   0x00000002   PAD
    0x08000400   0x08000400   0x00000008   Code   RO          147    .text.SetSysClock   system_stm32f10x.o
    0x08000408   0x08000408   0x00000122   Code   RO          151    .text.SetSysClockTo72  system_stm32f10x.o
    0x0800052a   0x0800052a   0x00000002   PAD
    0x0800052c   0x0800052c   0x00000066   Code   RO          145    .text.SystemInit    system_stm32f10x.o
    0x08000592   0x08000592   0x00000002   PAD
    0x08000594   0x08000594   0x00000030   Code   RO           12    .text.__NVIC_EnableIRQ  main.o
    0x080005c4   0x080005c4   0x000000c2   Code   RO            6    .text.accel         main.o
    0x08000686   0x08000686   0x00000002   PAD
    0x08000688   0x08000688   0x000000ba   Code   RO           22    .text.check         main.o
    0x08000742   0x08000742   0x00000002   PAD
    0x08000744   0x08000744   0x0000004c   Code   RO           20    .text.hien1         main.o
    0x08000790   0x08000790   0x0000009a   Code   RO           14    .text.hienthi       main.o
    0x0800082a   0x0800082a   0x00000002   PAD
    0x0800082c   0x0800082c   0x000000f4   Code   RO           52    .text.i2c_add       i2c_drive.o
    0x08000920   0x08000920   0x0000009c   Code   RO           54    .text.i2c_data      i2c_drive.o
    0x080009bc   0x080009bc   0x00000114   Code   RO           48    .text.i2c_init      i2c_drive.o
    0x08000ad0   0x08000ad0   0x000000c8   Code   RO           60    .text.i2c_rx        i2c_drive.o
    0x08000b98   0x08000b98   0x0000006c   Code   RO           50    .text.i2c_start     i2c_drive.o
    0x08000c04   0x08000c04   0x00000074   Code   RO           56    .text.i2c_stop      i2c_drive.o
    0x08000c78   0x08000c78   0x00000020   Code   RO           79    .text.lcd_blank_1   lcd_1602_drive.o
    0x08000c98   0x08000c98   0x0000001c   Code   RO           83    .text.lcd_blank_12  lcd_1602_drive.o
    0x08000cb4   0x08000cb4   0x00000020   Code   RO           81    .text.lcd_blank_2   lcd_1602_drive.o
    0x08000cd4   0x08000cd4   0x000000a2   Code   RO           71    .text.lcd_i2c_cmd   lcd_1602_drive.o
    0x08000d76   0x08000d76   0x00000002   PAD
    0x08000d78   0x08000d78   0x000000a2   Code   RO           69    .text.lcd_i2c_data  lcd_1602_drive.o
    0x08000e1a   0x08000e1a   0x00000002   PAD
    0x08000e1c   0x08000e1c   0x00000166   Code   RO           73    .text.lcd_i2c_init  lcd_1602_drive.o
    0x08000f82   0x08000f82   0x00000002   PAD
    0x08000f84   0x08000f84   0x00000068   Code   RO           77    .text.lcd_i2c_msg   lcd_1602_drive.o
    0x08000fec   0x08000fec   0x0000003a   Code   RO           75    .text.lcd_i2c_send  lcd_1602_drive.o
    0x08001026   0x08001026   0x00000002   PAD
    0x08001028   0x08001028   0x00000038   Code   RO            4    .text.leddo         main.o
    0x08001060   0x08001060   0x00000038   Code   RO            2    .text.ledxanh       main.o
    0x08001098   0x08001098   0x00000106   Code   RO           10    .text.main          main.o
    0x0800119e   0x0800119e   0x00000002   PAD
    0x080011a0   0x080011a0   0x0000001c   Code   RO          125    .text.mpu6050_accel  mpu6050.o
    0x080011bc   0x080011bc   0x0000001e   Code   RO          117    .text.mpu6050_add   mpu6050.o
    0x080011da   0x080011da   0x00000002   PAD
    0x080011dc   0x080011dc   0x00000076   Code   RO          123    .text.mpu6050_init  mpu6050.o
    0x08001252   0x08001252   0x00000002   PAD
    0x08001254   0x08001254   0x0000008e   Code   RO          121    .text.mpu6050_rx    mpu6050.o
    0x080012e2   0x080012e2   0x00000002   PAD
    0x080012e4   0x080012e4   0x00000046   Code   RO          119    .text.mpu6050_tx    mpu6050.o
    0x0800132a   0x0800132a   0x00000002   PAD
    0x0800132c   0x0800132c   0x0000002a   Code   RO          104    .text.systick_init  systick_time.o
    0x08001356   0x08001356   0x00000002   PAD
    0x08001358   0x08001358   0x00000062   Code   RO          167    x$fpl$d2f           fz_ws.l(d2f.o)
    0x080013ba   0x080013ba   0x00000002   PAD
    0x080013bc   0x080013bc   0x000002b4   Code   RO          170    x$fpl$ddiv          fz_ws.l(ddiv.o)
    0x08001670   0x08001670   0x0000002e   Code   RO          174    x$fpl$dflt          fz_ws.l(dflt_clz.o)
    0x0800169e   0x0800169e   0x0000009c   Code   RO          190    x$fpl$dnaninf       fz_ws.l(dnaninf.o)
    0x0800173a   0x0800173a   0x0000000c   Code   RO          192    x$fpl$dretinf       fz_ws.l(dretinf.o)
    0x08001746   0x08001746   0x00000002   PAD
    0x08001748   0x08001748   0x000000c4   Code   RO          179    x$fpl$fadd          fz_ws.l(faddsub_clz.o)
    0x0800180c   0x0800180c   0x00000054   Code   RO          185    x$fpl$fcmp          fz_ws.l(fcmp.o)
    0x08001860   0x08001860   0x00000018   Code   RO          220    x$fpl$fcmpinf       fz_ws.l(fcmpi.o)
    0x08001878   0x08001878   0x00000068   Code   RO          194    x$fpl$feqf          fz_ws.l(feqf.o)
    0x080018e0   0x080018e0   0x00000068   Code   RO          196    x$fpl$fgeqf         fz_ws.l(fgeqf.o)
    0x08001948   0x08001948   0x00000068   Code   RO          198    x$fpl$fleqf         fz_ws.l(fleqf.o)
    0x080019b0   0x080019b0   0x00000102   Code   RO          187    x$fpl$fmul          fz_ws.l(fmul.o)
    0x08001ab2   0x08001ab2   0x0000008c   Code   RO          200    x$fpl$fnaninf       fz_ws.l(fnaninf.o)
    0x08001b3e   0x08001b3e   0x0000000a   Code   RO          202    x$fpl$fretinf       fz_ws.l(fretinf.o)
    0x08001b48   0x08001b48   0x000000ea   Code   RO          181    x$fpl$fsub          fz_ws.l(faddsub_clz.o)
    0x08001c32   0x08001c32   0x00000000   Code   RO          204    x$fpl$usenofp       fz_ws.l(usenofp.o)
    0x08001c32   0x08001c32   0x00000004   Data   RO           39    .rodata.str1.1      main.o
    0x08001c36   0x08001c36   0x00000011   Data   RO           85    .rodata.str1.1      lcd_1602_drive.o
    0x08001c47   0x08001c47   0x00000001   PAD
    0x08001c48   0x08001c48   0x00000010   Data   RO          368    Region$$Table       anon$$obj.o


    Execution Region ER_RW (Exec base: 0x20000000, Load base: 0x08001c58, Size: 0x00000000, Max: 0xffffffff, ABSOLUTE)

    **** No section assigned to this execution region ****


    Execution Region ER_ZI (Exec base: 0x20000000, Load base: 0x08001c58, Size: 0x00000678, Max: 0xffffffff, ABSOLUTE)

    Exec Addr    Load Addr    Size         Type   Attr      Idx    E Section Name        Object

    0x20000000        -       0x00000060   Zero   RW          233    .bss                c_w.l(libspace.o)
    0x20000060        -       0x00000002   Zero   RW           24    .bss.Accel_X_RAW    main.o
    0x20000062        -       0x00000002   Zero   RW           25    .bss.Accel_Y_RAW    main.o
    0x20000064        -       0x00000002   Zero   RW           26    .bss.Accel_Z_RAW    main.o
    0x20000066   0x08001c58   0x00000002   PAD
    0x20000068        -       0x00000004   Zero   RW           30    .bss.Ax             main.o
    0x2000006c        -       0x00000004   Zero   RW           34    .bss.Ay             main.o
    0x20000070        -       0x00000004   Zero   RW           35    .bss.Az             main.o
    0x20000074        -       0x00000001   Zero   RW           32    .bss.mode           main.o
    0x20000075        -       0x00000001   Zero   RW           33    .bss.on             main.o
    0x20000076   0x08001c58   0x00000002   PAD
    0x20000078        -       0x00000200   Zero   RW          136    HEAP                startup_stm32f10x_md.o
    0x20000278        -       0x00000400   Zero   RW          135    STACK               startup_stm32f10x_md.o


==============================================================================

Image component sizes


      Code (inc. data)   RO Data    RW Data    ZI Data      Debug   Object Name

      1100          0          0          0          0       3098   i2c_drive.o
       936          0         17          0          0       1996   lcd_1602_drive.o
      1154          0          4          0         20       5480   main.o
       388          0          0          0          0       1521   mpu6050.o
        84          0          0          0          0        624   pcf8574_drive.o
        64         26        236          0       1536        840   startup_stm32f10x_md.o
       400          0          0          0          0       2976   system_stm32f10x.o
       256          0          0          0          0       1158   systick_time.o

    ----------------------------------------------------------------------
      4420         26        274          0       1560      17693   Object Totals
         0          0         16          0          0          0   (incl. Generated)
        38          0          1          0          4          0   (incl. Padding)

    ----------------------------------------------------------------------

      Code (inc. data)   RO Data    RW Data    ZI Data      Debug   Library Member Name

         8          0          0          0          0         68   __main.o
         0          0          0          0          0          0   __rtentry.o
        12          0          0          0          0          0   __rtentry2.o
         6          0          0          0          0          0   __rtentry4.o
        94          8          0          0          0          0   __scatter.o
        28          0          0          0          0          0   __scatter_zi.o
        18          0          0          0          0         80   exit.o
         6          0          0          0          0        152   heapauxi.o
         0          0          0          0          0          0   indicate_semi.o
         2          0          0          0          0          0   libinit.o
         2          0          0          0          0          0   libinit2.o
         2          0          0          0          0          0   libshutdown.o
         2          0          0          0          0          0   libshutdown2.o
         8          4          0          0         96         68   libspace.o
         2          0          0          0          0          0   rtexit.o
        10          0          0          0          0          0   rtexit2.o
        12          4          0          0          0         68   sys_exit.o
        74          0          0          0          0         80   sys_stackheap_outer.o
         2          0          0          0          0         68   use_no_semi.o
        98          4          0          0          0         92   d2f.o
       692        140          0          0          0        216   ddiv.o
        46          0          0          0          0         68   dflt_clz.o
       156          4          0          0          0         92   dnaninf.o
        12          0          0          0          0         68   dretinf.o
       430          8          0          0          0        168   faddsub_clz.o
        84          0          0          0          0        196   fcmp.o
        24          0          0          0          0         68   fcmpi.o
       104          4          0          0          0         84   feqf.o
       104          4          0          0          0         84   fgeqf.o
       104          4          0          0          0         84   fleqf.o
       258          4          0          0          0         84   fmul.o
       140          4          0          0          0         84   fnaninf.o
        10          0          0          0          0         68   fretinf.o
         0          0          0          0          0          0   usenofp.o

    ----------------------------------------------------------------------
      2562        192          0          0         96       2040   Library Totals
        12          0          0          0          0          0   (incl. Padding)

    ----------------------------------------------------------------------

      Code (inc. data)   RO Data    RW Data    ZI Data      Debug   Library Name

       288         16          0          0         96        584   c_w.l
      2262        176          0          0          0       1456   fz_ws.l

    ----------------------------------------------------------------------
      2562        192          0          0         96       2040   Library Totals

    ----------------------------------------------------------------------

==============================================================================


      Code (inc. data)   RO Data    RW Data    ZI Data      Debug   

      6982        218        274          0       1656      18725   Grand Totals
      6982        218        274          0       1656      18725   ELF Image Totals
      6982        218        274          0          0          0   ROM Totals

==============================================================================

    Total RO  Size (Code + RO Data)                 7256 (   7.09kB)
    Total RW  Size (RW Data + ZI Data)              1656 (   1.62kB)
    Total ROM Size (Code + RO Data + RW Data)       7256 (   7.09kB)

==============================================================================

